W/Resources(   67): Preloaded drawable resource #0x108012e (android:drawable/btn_check_to_on_mtrl_011) that varies with configuration!!
W/Resources(   67): Preloaded drawable resource #0x108012f (android:drawable/btn_check_to_on_mtrl_012) that varies with configuration!!
W/Resources(   67): Preloaded drawable resource #0x1080130 (android:drawable/btn_check_to_on_mtrl_013) that varies with configuration!!
W/Resources(   67): Preloaded drawable resource #0x1080131 (android:drawable/btn_check_to_on_mtrl_014) that varies with configuration!!
W/Resources(   67): Preloaded drawable resource #0x1080132 (android:drawable/btn_check_to_on_mtrl_015) that varies with configuration!!
W/Resources(   67): Preloaded drawable resource #0x10801c6 (android:drawable/btn_radio_to_off_mtrl_000) that varies with configuration!!
W/Resources(   67): Preloaded drawable resource #0x10801c7 (android:drawable/btn_radio_to_off_mtrl_001) that varies with configuration!!
W/Resources(   67): Preloaded drawable resource #0x10801c8 (android:drawable/btn_radio_to_off_mtrl_002) that varies with configuration!!
W/Resources(   67): Preloaded drawable resource #0x10801c9 (android:drawable/btn_radio_to_off_mtrl_003) that varies with configuration!!
I/art     (   67): Explicit concurrent mark sweep GC freed 356(50KB) AllocSpace objects, 0(0B) LOS objects, 50% free, 1610KB/3MB, paused 809us total 49.383ms
W/Resources(   67): Preloaded drawable resource #0x10801ca (android:drawable/btn_radio_to_off_mtrl_004) that varies with configuration!!
W/Resources(   67): Preloaded drawable resource #0x10801cb (android:drawable/btn_radio_to_off_mtrl_005) that varies with configuration!!
W/Resources(   67): Preloaded drawable resource #0x10801cc (android:drawable/btn_radio_to_off_mtrl_006) that varies with configuration!!
W/Resources(   67): Preloaded drawable resource #0x10801cd (android:drawable/btn_radio_to_off_mtrl_007) that varies with configuration!!
W/Resources(   67): Preloaded drawable resource #0x10801ce (android:drawable/btn_radio_to_off_mtrl_008) that varies with configuration!!
W/Resources(   67): Preloaded drawable resource #0x10801cf (android:drawable/btn_radio_to_off_mtrl_009) that varies with configuration!!
W/Resources(   67): Preloaded drawable resource #0x10801d0 (android:drawable/btn_radio_to_off_mtrl_010) that varies with configuration!!
W/Resources(   67): Preloaded drawable resource #0x10801d1 (android:drawable/btn_radio_to_off_mtrl_011) that varies with configuration!!
W/Resources(   67): Preloaded drawable resource #0x10801d2 (android:drawable/btn_radio_to_off_mtrl_012) that varies with configuration!!
W/Resources(   67): Preloaded drawable resource #0x10801d3 (android:drawable/btn_radio_to_off_mtrl_013) that varies with configuration!!
W/Resources(   67): Preloaded drawable resource #0x10801d4 (android:drawable/btn_radio_to_off_mtrl_014) that varies with configuration!!
W/Resources(   67): Preloaded drawable resource #0x10801d5 (android:drawable/btn_radio_to_off_mtrl_015) that varies with configuration!!
W/Resources(   67): Preloaded drawable resource #0x10801d6 (android:drawable/btn_radio_to_on_mtrl_000) that varies with configuration!!
I/art     (   67): Explicit concurrent mark sweep GC freed 356(50KB) AllocSpace objects, 0(0B) LOS objects, 50% free, 1612KB/3MB, paused 945us total 75.422ms
W/Resources(   67): Preloaded drawable resource #0x10801d7 (android:drawable/btn_radio_to_on_mtrl_001) that varies with configuration!!
W/Resources(   67): Preloaded drawable resource #0x10801d8 (android:drawable/btn_radio_to_on_mtrl_002) that varies with configuration!!
W/Resources(   67): Preloaded drawable resource #0x10801d9 (android:drawable/btn_radio_to_on_mtrl_003) that varies with configuration!!
W/Resources(   67): Preloaded drawable resource #0x10801da (android:drawable/btn_radio_to_on_mtrl_004) that varies with configuration!!
W/Resources(   67): Preloaded drawable resource #0x10801db (android:drawable/btn_radio_to_on_mtrl_005) that varies with configuration!!
W/Resources(   67): Preloaded drawable resource #0x10801dc (android:drawable/btn_radio_to_on_mtrl_006) that varies with configuration!!
W/Resources(   67): Preloaded drawable resource #0x10801dd (android:drawable/btn_radio_to_on_mtrl_007) that varies with configuration!!
W/Resources(   67): Preloaded drawable resource #0x10801de (android:drawable/btn_radio_to_on_mtrl_008) that varies with configuration!!
W/Resources(   67): Preloaded drawable resource #0x10801df (android:drawable/btn_radio_to_on_mtrl_009) that varies with configuration!!
W/Resources(   67): Preloaded drawable resource #0x10801e0 (android:drawable/btn_radio_to_on_mtrl_010) that varies with configuration!!
W/Resources(   67): Preloaded drawable resource #0x10801e1 (android:drawable/btn_radio_to_on_mtrl_011) that varies with configuration!!
W/Resources(   67): Preloaded drawable resource #0x10801e2 (android:drawable/btn_radio_to_on_mtrl_012) that varies with configuration!!
W/Resources(   67): Preloaded drawable resource #0x10801e3 (android:drawable/btn_radio_to_on_mtrl_013) that varies with configuration!!
I/art     (   67): Explicit concurrent mark sweep GC freed 356(50KB) AllocSpace objects, 0(0B) LOS objects, 50% free, 1613KB/3MB, paused 1.004ms total 120.827ms
W/Resources(   67): Preloaded drawable resource #0x10801e4 (android:drawable/btn_radio_to_on_mtrl_014) that varies with configuration!!
W/Resources(   67): Preloaded drawable resource #0x10801e5 (android:drawable/btn_radio_to_on_mtrl_015) that varies with configuration!!
W/Resources(   67): Preloaded drawable resource #0x10801ec (android:drawable/btn_rating_star_off_mtrl_alpha) that varies with configuration!!
W/Resources(   67): Preloaded drawable resource #0x10801fa (android:drawable/btn_rating_star_on_mtrl_alpha) that varies with configuration!!
W/Resources(   67): Preloaded drawable resource #0x108021c (android:drawable/btn_star_mtrl_alpha) that varies with configuration!!
W/Resources(   67): Preloaded drawable resource #0x1080231 (android:drawable/btn_switch_to_off_mtrl_00001) that varies with configuration!!
W/Resources(   67): Preloaded drawable resource #0x1080232 (android:drawable/btn_switch_to_off_mtrl_00002) that varies with configuration!!
W/Resources(   67): Preloaded drawable resource #0x1080233 (android:drawable/btn_switch_to_off_mtrl_00003) that varies with configuration!!
W/Resources(   67): Preloaded drawable resource #0x1080234 (android:drawable/btn_switch_to_off_mtrl_00004) that varies with configuration!!
W/Resources(   67): Preloaded drawable resource #0x1080235 (android:drawable/btn_switch_to_off_mtrl_00005) that varies with configuration!!
W/Resources(   67): Preloaded drawable resource #0x1080236 (android:drawable/btn_switch_to_off_mtrl_00006) that varies with configuration!!
W/Resources(   67): Preloaded drawable resource #0x1080237 (android:drawable/btn_switch_to_off_mtrl_00007) that varies with configuration!!
I/art     (   67): Explicit concurrent mark sweep GC freed 328(37KB) AllocSpace objects, 0(0B) LOS objects, 50% free, 1627KB/3MB, paused 978us total 93.726ms
W/Resources(   67): Preloaded drawable resource #0x1080238 (android:drawable/btn_switch_to_off_mtrl_00008) that varies with configuration!!
W/Resources(   67): Preloaded drawable resource #0x1080239 (android:drawable/btn_switch_to_off_mtrl_00009) that varies with configuration!!
W/Resources(   67): Preloaded drawable resource #0x108023a (android:drawable/btn_switch_to_off_mtrl_00010) that varies with configuration!!
W/Resources(   67): Preloaded drawable resource #0x108023b (android:drawable/btn_switch_to_off_mtrl_00011) that varies with configuration!!
W/Resources(   67): Preloaded drawable resource #0x108023c (android:drawable/btn_switch_to_off_mtrl_00012) that varies with configuration!!
W/Resources(   67): Preloaded drawable resource #0x108023d (android:drawable/btn_switch_to_on_mtrl_00001) that varies with configuration!!
W/Resources(   67): Preloaded drawable resource #0x108023e (android:drawable/btn_switch_to_on_mtrl_00002) that varies with configuration!!
W/Resources(   67): Preloaded drawable resource #0x108023f (android:drawable/btn_switch_to_on_mtrl_00003) that varies with configuration!!
W/Resources(   67): Preloaded drawable resource #0x1080240 (android:drawable/btn_switch_to_on_mtrl_00004) that varies with configuration!!
W/Resources(   67): Preloaded drawable resource #0x1080241 (android:drawable/btn_switch_to_on_mtrl_00005) that varies with configuration!!
W/Resources(   67): Preloaded drawable resource #0x1080242 (android:drawable/btn_switch_to_on_mtrl_00006) that varies with configuration!!
W/Resources(   67): Preloaded drawable resource #0x1080243 (android:drawable/btn_switch_to_on_mtrl_00007) that varies with configuration!!
W/Resources(   67): Preloaded drawable resource #0x1080244 (android:drawable/btn_switch_to_on_mtrl_00008) that varies with configuration!!
W/Resources(   67): Preloaded drawable resource #0x1080245 (android:drawable/btn_switch_to_on_mtrl_00009) that varies with configuration!!
I/art     (   67): Explicit concurrent mark sweep GC freed 399(35KB) AllocSpace objects, 0(0B) LOS objects, 50% free, 1643KB/3MB, paused 963us total 110.700ms
W/Resources(   67): Preloaded drawable resource #0x1080246 (android:drawable/btn_switch_to_on_mtrl_00010) that varies with configuration!!
W/Resources(   67): Preloaded drawable resource #0x1080247 (android:drawable/btn_switch_to_on_mtrl_00011) that varies with configuration!!
W/Resources(   67): Preloaded drawable resource #0x1080248 (android:drawable/btn_switch_to_on_mtrl_00012) that varies with configuration!!
W/Resources(   67): Preloaded drawable resource #0x108024d (android:drawable/btn_toggle_indicator_mtrl_alpha) that varies with configuration!!
W/Resources(   67): Preloaded drawable resource #0x10802e5 (android:drawable/expander_close_mtrl_alpha) that varies with configuration!!
W/Resources(   67): Preloaded drawable resource #0x10802ee (android:drawable/expander_open_mtrl_alpha) that varies with configuration!!
W/Resources(   67): Preloaded drawable resource #0x10802f8 (android:drawable/fastscroll_thumb_mtrl_alpha) that varies with configuration!!
W/Resources(   67): Preloaded drawable resource #0x10802ff (android:drawable/fastscroll_track_mtrl_alpha) that varies with configuration!!
W/Resources(   67): Preloaded drawable resource #0x1080339 (android:drawable/ic_cab_done_mtrl_alpha) that varies with configuration!!
W/Resources(   67): Preloaded drawable resource #0x1080340 (android:drawable/ic_clear_mtrl_alpha) that varies with configuration!!
W/Resources(   67): Preloaded drawable resource #0x108034c (android:drawable/ic_commit_search_api_mtrl_alpha) that varies with configuration!!
I/art     (   67): Explicit concurrent mark sweep GC freed 622(60KB) AllocSpace objects, 0(0B) LOS objects, 50% free, 1635KB/3MB, paused 11.194ms total 93.871ms
W/Resources(   67): Preloaded drawable resource #0x1080364 (android:drawable/ic_find_next_mtrl_alpha) that varies with configuration!!
W/Resources(   67): Preloaded drawable resource #0x1080368 (android:drawable/ic_find_previous_mtrl_alpha) that varies with configuration!!
W/Resources(   67): Preloaded drawable resource #0x10803b6 (android:drawable/ic_media_route_disabled_mtrl_alpha) that varies with configuration!!
W/Resources(   67): Preloaded drawable resource #0x10803bc (android:drawable/ic_media_route_off_mtrl_alpha) that varies with configuration!!
W/Resources(   67): Preloaded drawable resource #0x10803bf (android:drawable/ic_media_route_on_0_mtrl_alpha) that varies with configuration!!
W/Resources(   67): Preloaded drawable resource #0x10803c2 (android:drawable/ic_media_route_on_1_mtrl_alpha) that varies with configuration!!
W/Resources(   67): Preloaded drawable resource #0x10803c5 (android:drawable/ic_media_route_on_2_mtrl_alpha) that varies with configuration!!
W/Resources(   67): Preloaded drawable resource #0x10803c8 (android:drawable/ic_media_route_on_mtrl_alpha) that varies with configuration!!
I/art     (   67): Explicit concurrent mark sweep GC freed 662(56KB) AllocSpace objects, 0(0B) LOS objects, 50% free, 1628KB/3MB, paused 997us total 79.316ms
W/Resources(   67): Preloaded drawable resource #0x10803e6 (android:drawable/ic_menu_find_mtrl_alpha) that varies with configuration!!
I/art     (   67): Explicit concurrent mark sweep GC freed 1206(45KB) AllocSpace objects, 0(0B) LOS objects, 50% free, 1633KB/3MB, paused 977us total 38.772ms
W/Resources(   67): Preloaded drawable resource #0x1080401 (android:drawable/ic_menu_search_mtrl_alpha) that varies with configuration!!
I/art     (   67): Explicit concurrent mark sweep GC freed 1206(43KB) AllocSpace objects, 0(0B) LOS objects, 50% free, 1644KB/3MB, paused 919us total 38.971ms
I/art     (   67): Explicit concurrent mark sweep GC freed 1353(47KB) AllocSpace objects, 0(0B) LOS objects, 50% free, 1652KB/3MB, paused 989us total 39.301ms
W/Resources(   67): Preloaded drawable resource #0x108049a (android:drawable/list_divider_mtrl_alpha) that varies with configuration!!
W/Resources(   67): Preloaded drawable resource #0x10804a7 (android:drawable/list_section_divider_mtrl_alpha) that varies with configuration!!
W/Resources(   67): Preloaded drawable resource #0x108054e (android:drawable/popup_background_mtrl_mult) that varies with configuration!!
W/Resources(   67): Preloaded drawable resource #0x1080575 (android:drawable/progress_mtrl_alpha) that varies with configuration!!
W/Resources(   67): Preloaded drawable resource #0x10805d6 (android:drawable/scrollbar_handle_mtrl_alpha) that varies with configuration!!
W/Resources(   67): Preloaded drawable resource #0x10805da (android:drawable/scrubber_control_from_pressed_mtrl_000) that varies with configuration!!
W/Resources(   67): Preloaded drawable resource #0x10805db (android:drawable/scrubber_control_from_pressed_mtrl_001) that varies with configuration!!
W/Resources(   67): Preloaded drawable resource #0x10805dc (android:drawable/scrubber_control_from_pressed_mtrl_002) that varies with configuration!!
W/Resources(   67): Preloaded drawable resource #0x10805dd (android:drawable/scrubber_control_from_pressed_mtrl_003) that varies with configuration!!
W/Resources(   67): Preloaded drawable resource #0x10805de (android:drawable/scrubber_control_from_pressed_mtrl_004) that varies with configuration!!
W/Resources(   67): Preloaded drawable resource #0x10805df (android:drawable/scrubber_control_from_pressed_mtrl_005) that varies with configuration!!
W/Resources(   67): Preloaded drawable resource #0x10805e3 (android:drawable/scrubber_control_off_pressed_mtrl_alpha) that varies with configuration!!
W/Resources(   67): Preloaded drawable resource #0x10805e2 (android:drawable/scrubber_control_off_mtrl_alpha) that varies with configuration!!
W/Resources(   67): Preloaded drawable resource #0x10805e5 (android:drawable/scrubber_control_on_pressed_mtrl_alpha) that varies with configuration!!
W/Resources(   67): Preloaded drawable resource #0x10805e4 (android:drawable/scrubber_control_on_mtrl_alpha) that varies with configuration!!
W/Resources(   67): Preloaded drawable resource #0x10805e9 (android:drawable/scrubber_control_to_pressed_mtrl_000) that varies with configuration!!
W/Resources(   67): Preloaded drawable resource #0x10805ea (android:drawable/scrubber_control_to_pressed_mtrl_001) that varies with configuration!!
I/art     (   67): Explicit concurrent mark sweep GC freed 422(41KB) AllocSpace objects, 0(0B) LOS objects, 50% free, 1661KB/3MB, paused 5.828ms total 47.975ms
W/Resources(   67): Preloaded drawable resource #0x10805eb (android:drawable/scrubber_control_to_pressed_mtrl_002) that varies with configuration!!
W/Resources(   67): Preloaded drawable resource #0x10805ec (android:drawable/scrubber_control_to_pressed_mtrl_003) that varies with configuration!!
W/Resources(   67): Preloaded drawable resource #0x10805ed (android:drawable/scrubber_control_to_pressed_mtrl_004) that varies with configuration!!
W/Resources(   67): Preloaded drawable resource #0x10805ee (android:drawable/scrubber_control_to_pressed_mtrl_005) that varies with configuration!!
W/Resources(   67): Preloaded drawable resource #0x10805f0 (android:drawable/scrubber_primary_mtrl_alpha) that varies with configuration!!
W/Resources(   67): Preloaded drawable resource #0x10805f7 (android:drawable/scrubber_track_mtrl_alpha) that varies with configuration!!
W/Resources(   67): Preloaded drawable resource #0x108063f (android:drawable/spinner_mtrl_am_alpha) that varies with configuration!!
W/Resources(   67): Preloaded drawable resource #0x10806c0 (android:drawable/switch_track_mtrl_alpha) that varies with configuration!!
W/Resources(   67): Preloaded drawable resource #0x1080701 (android:drawable/text_cursor_mtrl_alpha) that varies with configuration!!
W/Resources(   67): Preloaded drawable resource #0x1080710 (android:drawable/textfield_activated_mtrl_alpha) that varies with configuration!!
W/Resources(   67): Preloaded drawable resource #0x1080719 (android:drawable/textfield_default_mtrl_alpha) that varies with configuration!!
W/Resources(   67): Preloaded drawable resource #0x108072f (android:drawable/textfield_search_activated_mtrl_alpha) that varies with configuration!!
W/Resources(   67): Preloaded drawable resource #0x1080733 (android:drawable/textfield_search_default_mtrl_alpha) that varies with configuration!!
W/Resources(   67): Preloaded drawable resource #0x1080707 (android:drawable/text_select_handle_left_mtrl_alpha) that varies with configuration!!
W/Resources(   67): Preloaded drawable resource #0x108070a (android:drawable/text_select_handle_middle_mtrl_alpha) that varies with configuration!!
W/Resources(   67): Preloaded drawable resource #0x108070d (android:drawable/text_select_handle_right_mtrl_alpha) that varies with configuration!!
I/Zygote  (   67): ...preloaded 430 resources in 11700ms.
I/art     (   67): Explicit concurrent mark sweep GC freed 463(41KB) AllocSpace objects, 0(0B) LOS objects, 50% free, 1672KB/3MB, paused 961us total 48.095ms
I/Zygote  (   67): ...preloaded 41 resources in 129ms.
I/art     (   67): Counter: 0
D/libEGL  (   67): loaded /system/lib/egl/libEGL_emulation.so
D/libEGL  (   67): loaded /system/lib/egl/libGLESv1_CM_emulation.so
D/libEGL  (   67): loaded /system/lib/egl/libGLESv2_emulation.so
I/Zygote  (   67): Preloading shared libraries...
D/Zygote  (   67): end preload
I/art     (   67): Explicit concurrent mark sweep GC freed 468(38KB) AllocSpace objects, 0(0B) LOS objects, 50% free, 1681KB/3MB, paused 936us total 43.965ms
I/art     (   67): Explicit concurrent mark sweep GC freed 401(18KB) AllocSpace objects, 0(0B) LOS objects, 50% free, 1662KB/3MB, paused 928us total 49.061ms
I/art     (   67): Explicit concurrent mark sweep GC freed 5(160B) AllocSpace objects, 0(0B) LOS objects, 50% free, 1662KB/3MB, paused 869us total 50.367ms
I/Zygote  (   67): System server process 424 has been created
I/Zygote  (   67): Accepting command socket connections
I/InstallerConnection(  424): disconnecting...
I/SystemServer(  424): Entered the Android system server!
V/Fingerprint-JNI(  424): FingerprintManager JNI ready.
D/SensorService(  424): nuSensorService starting...
D/SensorService(  424): nuSensorService thread starting...
D/SensorService(  424): new thread SensorEventAckReceiver
I/SystemServiceManager(  424): Starting com.android.server.pm.Installer
I/Installer(  424): Waiting for installd to be ready.
I/InstallerConnection(  424): connecting...
I/installd(   65): new connection
I/SystemServiceManager(  424): Starting com.android.server.am.ActivityManagerService$Lifecycle
I/ActivityManager(  424): Memory class: 48
I/ServiceThread(  424): Enabled StrictMode logging for ActivityManager looper.
I/IntentFirewall(  424): Read new rules (A:0 B:0 S:0)
I/ServiceThread(  424): Enabled StrictMode logging for android.ui looper.
I/ServiceThread(  424): Enabled StrictMode logging for android.display looper.
D/AppOps  (  424): AppOpsService published
I/SystemServiceManager(  424): Starting com.android.server.power.PowerManagerService
I/ServiceThread(  424): Enabled StrictMode logging for PowerManagerService looper.
E/PowerManagerService-JNI(  424): Couldn't load power module (No such file or directory)
W/libsuspend(  424): Error writing 'on' to /sys/power/state: Invalid argument
I/libsuspend(  424): Selected wakeup count
I/SystemServiceManager(  424): Starting com.android.server.display.DisplayManagerService
I/SystemServiceManager(  424): Starting phase 100
E/SurfaceFlinger(   53): ro.sf.lcd_density must be defined as a build property
I/DisplayManagerService(  424): Display device added: DisplayDeviceInfo{"Built-in Screen": 240 x 320, 60.000004 fps, supportedRefreshRates [60.000004], density 120, 120.0 x 120.0 dpi, appVsyncOff 0, presDeadline 17666666, touch INTERNAL, rotation 0, type BUILT_IN, state UNKNOWN, FLAG_DEFAULT_DISPLAY, FLAG_ROTATES_WITH_CONTENT, FLAG_SECURE, FLAG_SUPPORTS_PROTECTED_BUFFERS}
I/SystemServer(  424): Package Manager
W/SystemConfig(  424): No directory /system/etc/sysconfig, skipping
D/SELinuxMMAC(  424): Using policy file /system/etc/security/mac_permissions.xml
D/PackageManager(  424): No files in app dir /vendor/overlay
W/PackageManager(  424): Failed to parse /system/framework/arm: Missing base APK in /system/framework/arm
I/art     (  424): Background sticky concurrent mark sweep GC freed 15930(1327KB) AllocSpace objects, 18(294KB) LOS objects, 49% free, 1664KB/3MB, paused 1.652ms total 307.541ms
W/ResourceType(  424): Failure getting entry for 0x7f0b01e9 (t=10 e=489) (error -75)
W/PackageParser(  424): No actions in intent filter at /system/priv-app/Contacts/Contacts.apk Binary XML file line #356
W/PackageParser(  424): No actions in intent filter at /system/priv-app/Dialer/Dialer.apk Binary XML file line #166
I/art     (  424): Background partial concurrent mark sweep GC freed 23042(991KB) AllocSpace objects, 0(0B) LOS objects, 19% free, 2MB/2MB, paused 1.580ms total 353.861ms
W/ResourceType(  424): Failure getting entry for 0x7f08025b (t=7 e=603) (error -75)
I/art     (  424): Background sticky concurrent mark sweep GC freed 7286(292KB) AllocSpace objects, 0(0B) LOS objects, 13% free, 2MB/2MB, paused 1.526ms total 102.242ms
I/art     (  424): Background sticky concurrent mark sweep GC freed 5092(206KB) AllocSpace objects, 0(0B) LOS objects, 11% free, 2MB/2MB, paused 1.645ms total 217.349ms
I/art     (  424): WaitForGcToComplete blocked for 190.404ms for cause HeapTrim
I/art     (  424): WaitForGcToComplete blocked for 14.690ms for cause Background
D/PackageManager(  424): No files in app dir /system/vendor/app
D/PackageManager(  424): No files in app dir /oem/app
W/PackageParser(  424): No actions in intent filter at /data/app/ApiDemos/ApiDemos.apk Binary XML file line #3027
W/PackageParser(  424): No actions in intent filter at /data/app/ApiDemos/ApiDemos.apk Binary XML file line #3033
W/PackageManager(  424): Package com.example.android.apis desires unavailable shared library com.example.will.never.exist; ignoring!
I/SELinux (  424): SELinux: Loaded file_contexts from /file_contexts
I/art     (  424): DexFile_isDexOptNeeded failed to open oat file '/data/dalvik-cache/arm/data@app@ApiDemos@ApiDemos.apk@classes.dex' for file location '/data/app/ApiDemos/ApiDemos.apk': Failed to open oat filename for reading: No such file or directory
I/art     (  424): DexFile_isDexOptNeeded failed to open oat file '/data/app/ApiDemos/arm/ApiDemos.odex' for file location '/data/app/ApiDemos/ApiDemos.apk': Failed to open oat filename for reading: No such file or directory
I/art     (  424): DexFile_isDexOptNeeded failed to open oat file '/data/dalvik-cache/arm/data@app@CubeLiveWallpapers@CubeLiveWallpapers.apk@classes.dex' for file location '/data/app/CubeLiveWallpapers/CubeLiveWallpapers.apk': Failed to open oat filename for reading: No such file or directory
I/art     (  424): DexFile_isDexOptNeeded failed to open oat file '/data/app/CubeLiveWallpapers/arm/CubeLiveWallpapers.odex' for file location '/data/app/CubeLiveWallpapers/CubeLiveWallpapers.apk': Failed to open oat filename for reading: No such file or directory
I/art     (  424): DexFile_isDexOptNeeded failed to open oat file '/data/dalvik-cache/arm/data@app@GestureBuilder@GestureBuilder.apk@classes.dex' for file location '/data/app/GestureBuilder/GestureBuilder.apk': Failed to open oat filename for reading: No such file or directory
I/art     (  424): DexFile_isDexOptNeeded failed to open oat file '/data/app/GestureBuilder/arm/GestureBuilder.odex' for file location '/data/app/GestureBuilder/GestureBuilder.apk': Failed to open oat filename for reading: No such file or directory
I/art     (  424): DexFile_isDexOptNeeded failed to open oat file '/data/dalvik-cache/arm/data@app@SmokeTest@SmokeTest.apk@classes.dex' for file location '/data/app/SmokeTest/SmokeTest.apk': Failed to open oat filename for reading: No such file or directory
I/art     (  424): DexFile_isDexOptNeeded failed to open oat file '/data/app/SmokeTest/arm/SmokeTest.odex' for file location '/data/app/SmokeTest/SmokeTest.apk': Failed to open oat filename for reading: No such file or directory
I/art     (  424): DexFile_isDexOptNeeded failed to open oat file '/data/dalvik-cache/arm/data@app@SmokeTestApp@SmokeTestApp.apk@classes.dex' for file location '/data/app/SmokeTestApp/SmokeTestApp.apk': Failed to open oat filename for reading: No such file or directory
I/art     (  424): DexFile_isDexOptNeeded failed to open oat file '/data/app/SmokeTestApp/arm/SmokeTestApp.odex' for file location '/data/app/SmokeTestApp/SmokeTestApp.apk': Failed to open oat filename for reading: No such file or directory
I/art     (  424): DexFile_isDexOptNeeded failed to open oat file '/data/dalvik-cache/arm/data@app@SoftKeyboard@SoftKeyboard.apk@classes.dex' for file location '/data/app/SoftKeyboard/SoftKeyboard.apk': Failed to open oat filename for reading: No such file or directory
I/art     (  424): DexFile_isDexOptNeeded failed to open oat file '/data/app/SoftKeyboard/arm/SoftKeyboard.odex' for file location '/data/app/SoftKeyboard/SoftKeyboard.apk': Failed to open oat filename for reading: No such file or directory
I/art     (  424): DexFile_isDexOptNeeded failed to open oat file '/data/dalvik-cache/arm/data@app@WidgetPreview@WidgetPreview.apk@classes.dex' for file location '/data/app/WidgetPreview/WidgetPreview.apk': Failed to open oat filename for reading: No such file or directory
I/art     (  424): DexFile_isDexOptNeeded failed to open oat file '/data/app/WidgetPreview/arm/WidgetPreview.odex' for file location '/data/app/WidgetPreview/WidgetPreview.apk': Failed to open oat filename for reading: No such file or directory
D/PackageManager(  424): No files in app dir /data/app-private
W/PackageManager(  424): Package com.example.android.apis desires unavailable shared library com.example.will.never.exist; ignoring!
W/PackageManager(  424): Package com.android.camera desires unavailable shared library com.google.android.media.effects; ignoring!
I/PackageManager(  424): Adjusting ABI for : com.android.location.fused to armeabi-v7a
I/PackageManager(  424): Adjusting ABI for : com.android.settings to armeabi-v7a
I/PackageManager(  424): Adjusting ABI for : com.android.providers.settings to armeabi-v7a
I/PackageManager(  424): Adjusting ABI for : com.android.keychain to armeabi-v7a
I/PackageManager(  424): Adjusting ABI for : com.android.inputdevices to armeabi-v7a
I/PackageManager(  424): Time to scan packages: 10.675 seconds
W/PackageManager(  424): Unknown permission com.google.android.googleapps.permission.GOOGLE_AUTH.mail in package com.android.calendar
W/PackageManager(  424): Unknown permission com.google.android.googleapps.permission.GOOGLE_AUTH in package com.android.settings
W/PackageManager(  424): Not granting permission android.permission.DELETE_PACKAGES to package com.svox.pico (protectionLevel=18 flags=0x8be45)
W/PackageManager(  424): Not granting permission android.permission.BIND_APPWIDGET to package com.android.widgetpreview (protectionLevel=18 flags=0x8be44)
W/PackageManager(  424): Not granting permission android.permission.DEVICE_POWER to package com.android.deskclock (protectionLevel=2 flags=0x48be45)
W/PackageManager(  424): Not granting permission android.permission.GLOBAL_SEARCH to package com.android.quicksearchbox (protectionLevel=18 flags=0x8be45)
W/PackageManager(  424): Unknown permission com.android.smspush.WAPPUSH_MANAGER_BIND in package com.android.phone
W/PackageManager(  424): Unknown permission com.google.android.googleapps.permission.GOOGLE_AUTH in package com.android.providers.calendar
W/PackageManager(  424): Unknown permission com.google.android.googleapps.permission.GOOGLE_AUTH.cl in package com.android.providers.calendar
W/PackageManager(  424): Unknown permission android.permission.INSTALL_DRM in package com.android.mms
W/PackageManager(  424): Not granting permission android.permission.ACCESS_DOWNLOAD_MANAGER to package com.android.browser (protectionLevel=18 flags=0x9be45)
W/PackageManager(  424): Not granting permission android.permission.SEND_DOWNLOAD_COMPLETED_INTENTS to package com.android.browser (protectionLevel=2 flags=0x9be45)
W/PackageManager(  424): Unknown permission com.google.android.googleapps.permission.ACCESS_GOOGLE_PASSWORD in package com.android.development
W/PackageManager(  424): Unknown permission com.google.android.googleapps.permission.GOOGLE_AUTH in package com.android.development
W/PackageManager(  424): Unknown permission com.google.android.googleapps.permission.GOOGLE_AUTH.ALL_SERVICES in package com.android.development
W/PackageManager(  424): Unknown permission com.google.android.googleapps.permission.GOOGLE_AUTH.YouTubeUser in package com.android.development
I/art     (  424): Explicit concurrent mark sweep GC freed 51798(2MB) AllocSpace objects, 2(32KB) LOS objects, 19% free, 2MB/3MB, paused 2.746ms total 223.210ms
I/SystemServer(  424): User Service
I/lowmemorykiller(   50): ActivityManager connected
I/SystemServiceManager(  424): Starting com.android.server.lights.LightsService
I/SystemServiceManager(  424): Starting com.android.server.BatteryService
I/SystemServiceManager(  424): Starting com.android.server.usage.UsageStatsService
I/SystemServiceManager(  424): Starting com.android.server.webkit.WebViewUpdateService
I/SystemServer(  424): Reading configuration...
I/SystemServer(  424): Scheduling Policy
I/SystemServer(  424): Telephony Registry
I/SystemServer(  424): Entropy Mixer
I/EntropyMixer(  424): Writing entropy...
I/SystemServer(  424): Account Manager
I/SystemServer(  424): Content Manager
I/SystemServer(  424): System Content Providers
W/ActivityManager(  424): Can't addPackageDependency on system process
W/CoreSettingsObserver(  424): Cannot find setting "debug_view_attributes"
W/CoreSettingsObserver(  424): android.provider.Settings$SettingNotFoundException: debug_view_attributes
W/CoreSettingsObserver(  424): 	at android.provider.Settings$Global.getInt(Settings.java:6742)
W/CoreSettingsObserver(  424): 	at com.android.server.am.CoreSettingsObserver.populateSettings(CoreSettingsObserver.java:129)
W/CoreSettingsObserver(  424): 	at com.android.server.am.CoreSettingsObserver.sendCoreSettings(CoreSettingsObserver.java:82)
W/CoreSettingsObserver(  424): 	at com.android.server.am.CoreSettingsObserver.<init>(CoreSettingsObserver.java:65)
W/CoreSettingsObserver(  424): 	at com.android.server.am.ActivityManagerService.installSystemProviders(ActivityManagerService.java:9849)
W/CoreSettingsObserver(  424): 	at com.android.server.SystemServer.startOtherServices(SystemServer.java:452)
W/CoreSettingsObserver(  424): 	at com.android.server.SystemServer.run(SystemServer.java:256)
W/CoreSettingsObserver(  424): 	at com.android.server.SystemServer.main(SystemServer.java:170)
W/CoreSettingsObserver(  424): 	at java.lang.reflect.Method.invoke(Native Method)
W/CoreSettingsObserver(  424): 	at java.lang.reflect.Method.invoke(Method.java:372)
W/CoreSettingsObserver(  424): 	at com.android.internal.os.ZygoteInit$MethodAndArgsCaller.run(ZygoteInit.java:899)
W/CoreSettingsObserver(  424): 	at com.android.internal.os.ZygoteInit.main(ZygoteInit.java:694)
I/SystemServer(  424): Vibrator Service
I/SystemServer(  424): Consumer IR Service
E/ConsumerIrService(  424): Can't open consumer IR HW Module, error: -2
I/SystemServiceManager(  424): Starting com.android.server.AlarmManagerService
D/AlarmManagerService(  424): Kernel timezone updated to 300 minutes west of GMT
I/SystemServer(  424): Init Watchdog
I/SystemServer(  424): Input Manager
I/InputManager(  424): Initializing input manager, mUseDevInputEventForAudioJack=false
I/SystemServer(  424): Window Manager
I/art     (  424): Background sticky concurrent mark sweep GC freed 4610(356KB) AllocSpace objects, 2(32KB) LOS objects, 9% free, 3MB/3MB, paused 4.443ms total 202.880ms
I/WindowManager(  424): No existing display settings /data/system/display_settings.xml; starting empty
D/PermissionCache(   53): checking android.permission.ACCESS_SURFACE_FLINGER for uid=1000 => granted (4091 us)
I/art     (  424): Background partial concurrent mark sweep GC freed 9769(559KB) AllocSpace objects, 0(0B) LOS objects, 19% free, 3MB/4MB, paused 18.325ms total 895.973ms
I/InputManager(  424): Starting input manager
E/EventHub(  424): could not get driver version for /dev/input/mouse0, Not a typewriter
I/SystemServer(  424): No Bluetooh Service (emulator)
I/SystemServer(  424): Input Method Service
W/EventHub(  424): Unable to disable kernel key repeat for /dev/input/event0: Function not implemented
I/EventHub(  424): New device: id=1, fd=77, path='/dev/input/event0', name='qwerty2', classes=0x7, configuration='/system/usr/idc/qwerty2.idc', keyLayout='/system/usr/keylayout/qwerty.kl', keyCharacterMap='/system/usr/keychars/qwerty2.kcm', builtinKeyboard=true, wakeMechanism=EVIOCSSUSPENDBLOCK, usingClockIoctl=true
E/EventHub(  424): could not get driver version for /dev/input/mice, Not a typewriter
I/InputReader(  424): Device added: id=-1, name='Virtual', sources=0x00000301
I/InputReader(  424):   Touch device 'qwerty2' could not query the properties of its associated display.  The device will be inoperable until the display size becomes available.
I/InputReader(  424): Device added: id=0, name='qwerty2', sources=0x00001103
W/InputMethodManagerService(  424): Couldn't create dir.: /data/system/inputmethod
I/SystemServer(  424): Accessibility Manager
I/ActivityManager(  424): Config changes=1df8 {1.0 ?mcc?mnc en_US ldltr sw320dp w320dp h426dp 120dpi smll port ?uimode ?night -touch qwerty/v/v -nav/h s.2}
I/InputReader(  424): Reconfiguring input devices.  changes=0x00000004
I/InputReader(  424): Device reconfigured: id=0, name='qwerty2', size 240x320, orientation 0, mode 1, display id 0
I/InputReader(  424): Reconfiguring input devices.  changes=0x00000004
I/ActivityManager(  424): Config changes=408 {1.0 ?mcc?mnc en_US ldltr sw320dp w320dp h353dp 120dpi smll port ?uimode ?night finger qwerty/v/v -nav/h s.3}
I/SystemServer(  424): Mount Service
I/art     (  424): Background sticky concurrent mark sweep GC freed 4159(288KB) AllocSpace objects, 2(32KB) LOS objects, 16% free, 3MB/4MB, paused 13.042ms total 275.270ms
D/MountService(  424): got storage path: /storage/sdcard description: USB storage primary: true removable: false emulated: false mtpReserve: 0 allowMassStorage: false maxFileSize: 0
D/MountService(  424): addVolumeLocked() StorageVolume:
D/MountService(  424):     mStorageId=0 mPath=/storage/sdcard mDescriptionId=17040785 mPrimary=true 
D/MountService(  424):     mRemovable=false mEmulated=false mMtpReserveSpace=0 
D/MountService(  424):     mAllowMassStorage=false mMaxFileSize=0 mOwner=null mUuid=null 
D/MountService(  424):     mUserLabel=null mState=null 
I/SystemServer(  424): LockSettingsService
D/MountService(  424): volume state changed for /storage/sdcard (unmounted -> removed)
W/MountService(  424): getSecureContainerList() called when storage not mounted
I/SystemServiceManager(  424): Starting com.android.server.devicepolicy.DevicePolicyManagerService$Lifecycle
I/PackageManager(  424): No secure containers found
W/PackageManager(  424): Unknown permission com.google.android.googleapps.permission.GOOGLE_AUTH.mail in package com.android.calendar
W/PackageManager(  424): Unknown permission com.google.android.googleapps.permission.GOOGLE_AUTH in package com.android.settings
W/PackageManager(  424): Not granting permission android.permission.DELETE_PACKAGES to package com.svox.pico (protectionLevel=18 flags=0x8be45)
W/PackageManager(  424): Not granting permission android.permission.BIND_APPWIDGET to package com.android.widgetpreview (protectionLevel=18 flags=0x8be44)
W/PackageManager(  424): Not granting permission android.permission.DEVICE_POWER to package com.android.deskclock (protectionLevel=2 flags=0x48be45)
W/PackageManager(  424): Not granting permission android.permission.GLOBAL_SEARCH to package com.android.quicksearchbox (protectionLevel=18 flags=0x8be45)
W/PackageManager(  424): Unknown permission com.android.smspush.WAPPUSH_MANAGER_BIND in package com.android.phone
W/PackageManager(  424): Unknown permission com.google.android.googleapps.permission.GOOGLE_AUTH in package com.android.providers.calendar
W/PackageManager(  424): Unknown permission com.google.android.googleapps.permission.GOOGLE_AUTH.cl in package com.android.providers.calendar
W/PackageManager(  424): Unknown permission android.permission.INSTALL_DRM in package com.android.mms
W/PackageManager(  424): Not granting permission android.permission.ACCESS_DOWNLOAD_MANAGER to package com.android.browser (protectionLevel=18 flags=0x9be45)
W/PackageManager(  424): Not granting permission android.permission.SEND_DOWNLOAD_COMPLETED_INTENTS to package com.android.browser (protectionLevel=2 flags=0x9be45)
W/PackageManager(  424): Unknown permission com.google.android.googleapps.permission.ACCESS_GOOGLE_PASSWORD in package com.android.development
W/PackageManager(  424): Unknown permission com.google.android.googleapps.permission.GOOGLE_AUTH in package com.android.development
W/PackageManager(  424): Unknown permission com.google.android.googleapps.permission.GOOGLE_AUTH.ALL_SERVICES in package com.android.development
W/PackageManager(  424): Unknown permission com.google.android.googleapps.permission.GOOGLE_AUTH.YouTubeUser in package com.android.development
W/MountService(  424): getSecureContainerList() called when storage not mounted
I/SystemServer(  424): Status Bar
I/SystemServer(  424): Clipboard Service
I/SystemServer(  424): NetworkManagement Service
I/SystemServer(  424): Text Service Manager Service
I/SystemServer(  424): Network Score Service
I/SystemServer(  424): NetworkStats Service
I/SystemServer(  424): NetworkPolicy Service
I/SystemServiceManager(  424): Starting com.android.server.wifi.p2p.WifiP2pService
I/WifiP2pService(  424): Registering wifip2p
I/SystemServiceManager(  424): Starting com.android.server.wifi.WifiService
I/art     (  424): Background partial concurrent mark sweep GC freed 7849(705KB) AllocSpace objects, 5(80KB) LOS objects, 19% free, 3MB/4MB, paused 18.646ms total 1.411s
I/art     (  424): WaitForGcToComplete blocked for 885.634ms for cause HeapTrim
W/art     (  424): Verification of void com.android.server.wifi.WifiStateMachine.<init>(android.content.Context, java.lang.String, com.android.server.wifi.WifiTrafficPoller) took 129.055ms
W/art     (  424): Verification of void com.android.server.wifi.WifiStateMachine.calculateWifiScore(android.net.wifi.WifiLinkLayerStats) took 106.614ms
W/art     (  424): Verification of void com.android.server.wifi.WifiConfigStore.readAutoJoinConfig() took 251.646ms
W/art     (  424): Verification of void com.android.server.wifi.WifiConfigStore.readNetworkHistory() took 224.202ms
E/WifiConfigStore(  424): associatedPartialScanPeriodMilli set to 20000
D/WifiController(  424): isAirplaneModeOn = false, isWifiEnabled = false, isScanningAvailable = false
I/WifiService(  424): Registering wifi
I/SystemServiceManager(  424): Starting com.android.server.wifi.WifiScanningService
I/WifiScanningService(  424): Creating wifiscanner
I/WifiScanningService(  424): Starting wifiscanner
I/SystemServiceManager(  424): Starting com.android.server.wifi.RttService
I/RttService(  424): Creating rttmanager
I/RttService(  424): Starting rttmanager
I/SystemServer(  424): Connectivity Service
D/ConnectivityService(  424): ConnectivityService starting up
D/ConnectivityService(  424): wifiOnly=false
I/art     (  424): Background sticky concurrent mark sweep GC freed 8016(606KB) AllocSpace objects, 5(80KB) LOS objects, 11% free, 4MB/4MB, paused 22.438ms total 673.413ms
I/UsageStatsService(  424): User[0] Rollover scheduled @ 2015-11-14 19:00:00(1447545600000)
I/SystemServer(  424): Network Service Discovery Service
D/NsdService(  424): Network service discovery enabled true
I/SystemServer(  424): UpdateLock Service
I/SystemServiceManager(  424): Starting com.android.server.notification.NotificationManagerService
I/art     (  424): Background sticky concurrent mark sweep GC freed 3103(260KB) AllocSpace objects, 4(64KB) LOS objects, 8% free, 4MB/4MB, paused 18.846ms total 261.921ms
I/SystemServiceManager(  424): Starting com.android.server.storage.DeviceStorageMonitorService
I/SystemServer(  424): Location Manager
I/SystemServer(  424): Country Detector
I/SystemServer(  424): Search Service
I/SystemServer(  424): DropBox Service
I/SystemServer(  424): Wallpaper Service
I/SystemServer(  424): Audio Service
I/art     (  424): Background sticky concurrent mark sweep GC freed 2715(202KB) AllocSpace objects, 2(32KB) LOS objects, 4% free, 4MB/4MB, paused 9.035ms total 389.847ms
W/TelecomManager(  424): Telecom Service not found.
I/SystemServiceManager(  424): Starting com.android.server.DockObserver
W/DockObserver(  424): This kernel does not have dock station support
I/SystemServer(  424): Wired Accessory Manager
W/WiredAccessoryManager(  424): This kernel does not have wired headset support
W/WiredAccessoryManager(  424): This kernel does not have usb audio support
W/WiredAccessoryManager(  424): This kernel does not have HDMI audio support
I/SystemServer(  424): Serial Service
I/SystemServiceManager(  424): Starting com.android.server.twilight.TwilightService
I/art     (  424): Background partial concurrent mark sweep GC freed 3654(245KB) AllocSpace objects, 2(32KB) LOS objects, 19% free, 4MB/5MB, paused 10.358ms total 589.232ms
I/SystemServiceManager(  424): Starting com.android.server.UiModeManagerService
I/SystemServiceManager(  424): Starting com.android.server.job.JobSchedulerService
I/SystemServiceManager(  424): Starting com.android.server.backup.BackupManagerService$Lifecycle
D/BackupManagerService(  424): Now staging backup of com.android.calendar
D/BackupManagerService(  424): Now staging backup of com.android.dialer
D/BackupManagerService(  424): Now staging backup of com.android.providers.userdictionary
D/BackupManagerService(  424): Now staging backup of com.android.sharedstoragebackup
D/BackupManagerService(  424): Now staging backup of com.android.providers.settings
D/BackupManagerService(  424): Now staging backup of android
D/BackupManagerService(  424): Now staging backup of com.android.browser
V/BackupManagerService(  424): Starting with transport android/com.android.internal.backup.LocalTransport
V/BackupManagerService(  424): Found transports: 1
I/BackupManagerService(  424): Binding to transport host ComponentInfo{android/com.android.internal.backup.LocalTransportService}
I/BackupManagerService(  424): Found stale backup journal, scheduling
I/SystemServiceManager(  424): Starting com.android.server.appwidget.AppWidgetService
I/SystemServiceManager(  424): Starting com.android.server.voiceinteraction.VoiceInteractionManagerService
W/SoundTriggerHelper(  424): listModules status=0, # of modules=0
I/SystemServer(  424): DiskStats Service
I/SystemServer(  424): SamplingProfiler Service
I/SystemServer(  424): NetworkTimeUpdateService
I/SystemServer(  424): CommonTimeManagementService
I/SystemServer(  424): CertBlacklister
I/SystemServiceManager(  424): Starting com.android.server.dreams.DreamManagerService
I/SystemServer(  424): Assets Atlas Service
I/SystemServiceManager(  424): Starting com.android.server.print.PrintManagerService
I/SystemServiceManager(  424): Starting com.android.server.restrictions.RestrictionsManagerService
D/Atlas   (  424): Loaded configuration: SliceMinArea (768x768) flags=0x2 count=2
D/        (   53): HostConnection::get() New Host Connection established 0xb69dff10, tid 91
I/SystemServiceManager(  424): Starting com.android.server.media.MediaSessionService
D/        (  424): HostConnection::get() New Host Connection established 0xa4275bd0, tid 569
I/SystemServer(  424): Media Router Service
I/SystemServiceManager(  424): Starting com.android.server.trust.TrustManagerService
I/SystemServiceManager(  424): Starting com.android.server.fingerprint.FingerprintService
V/Fingerprint-JNI(  424): nativeInit()
V/Fingerprint-JNI(  424): nativeOpenHal()
E/Fingerprint-JNI(  424): Can't open fingerprint HW Module, error: -2
I/SystemServer(  424): BackgroundDexOptService
I/SystemServiceManager(  424): Starting com.android.server.pm.LauncherAppsService
I/SystemServiceManager(  424): Starting com.android.server.media.projection.MediaProjectionManagerService
I/WindowManager(  424): SAFE MODE not enabled
I/SystemServiceManager(  424): Starting com.android.server.MmsServiceBroker
E/SQLiteLog(  424): (283) recovered 16 frames from WAL file /data/system/locksettings.db-wal
D/Atlas   (  424): Rendered atlas in 806.89ms (87.90+718.99ms)
I/SystemServiceManager(  424): Starting phase 480
I/art     (  424): Background sticky concurrent mark sweep GC freed 8365(633KB) AllocSpace objects, 3(48KB) LOS objects, 12% free, 5MB/5MB, paused 3.980ms total 335.237ms
I/SystemServiceManager(  424): Starting phase 500
I/WifiService(  424): WifiService starting up with Wi-Fi disabled
D/WifiService(  424): New client listening to asynchronous messages
I/WifiScanningService(  424): Registering wifiscanner
D/WifiScanningService(  424): New client, channel: null messenger: null
D/WifiScanningService(  424): DefaultState
D/WifiChangeStateMachine(  424): Entering IdleState
I/RttService(  424): Registering rttmanager
I/ActivityManager(  424): Config changes=200 {1.0 ?mcc?mnc en_US ldltr sw320dp w320dp h353dp 120dpi smll port finger qwerty/v/v -nav/h s.4}
D/SurfaceFlinger(   53): Set power mode=2, type=0 flinger=0xb6962000
D/SurfaceFlinger(   53): Screen type=0 is already mode=2
I/DisplayManagerService(  424): Display device changed: DisplayDeviceInfo{"Built-in Screen": 240 x 320, 60.000004 fps, supportedRefreshRates [60.000004], density 120, 120.0 x 120.0 dpi, appVsyncOff 0, presDeadline 17666666, touch INTERNAL, rotation 0, type BUILT_IN, state ON, FLAG_DEFAULT_DISPLAY, FLAG_ROTATES_WITH_CONTENT, FLAG_SECURE, FLAG_SUPPORTS_PROTECTED_BUFFERS}
I/AppOps  (  424): Pruning old package media/1013: new uid=-1
I/ActivityManager(  424): System now ready
I/art     (  424): Background sticky concurrent mark sweep GC freed 5687(447KB) AllocSpace objects, 8(128KB) LOS objects, 8% free, 5MB/5MB, paused 5.574ms total 637.629ms
I/SystemServer(  424): Making services ready
I/SystemServiceManager(  424): Starting phase 550
I/SystemServer(  424): WebViewFactory preparation
I/Zygote  (  424): Process: zygote socket opened, supported ABIS: armeabi-v7a,armeabi
I/art     (   67): Background concurrent mark sweep GC freed 760(32KB) AllocSpace objects, 0(0B) LOS objects, 82% free, 110KB/622KB, paused 949us total 104.631ms
I/ActivityManager(  424): Start proc WebViewLoader-armeabi-v7a [android.webkit.WebViewFactory$RelroFileCreator] for : pid=589 uid=1037 gids={} abi=armeabi-v7a
I/art     (   67): Background sticky concurrent mark sweep GC freed 675(28KB) AllocSpace objects, 0(0B) LOS objects, 82% free, 111KB/622KB, paused 22.917ms total 55.667ms
I/art     (   67): Background concurrent mark sweep GC freed 107(4KB) AllocSpace objects, 0(0B) LOS objects, 82% free, 111KB/623KB, paused 876us total 139.851ms
I/ActivityManager(  424): Start proc com.android.systemui for service com.android.systemui/.SystemUIService: pid=602 uid=10012 gids={50012, 9997, 1028, 1015, 1035, 3002, 3001, 3006} abi=armeabi-v7a
D/NetworkManagementService(  424): enabling bandwidth control
W/Zygote  (  602): Slow operation: 1116 ms in ForkAndSpecializeCommon:PostForkChildHooks returns
W/Zygote  (  602): Slow operation: 1297ms so far, now at Zygote.nativeForkAndSpecialize
I/art     (  589): Background sticky concurrent mark sweep GC freed 727(30KB) AllocSpace objects, 0(0B) LOS objects, 79% free, 126KB/622KB, paused 1.383ms total 627.697ms
I/art     (  424): Background partial concurrent mark sweep GC freed 1497(131KB) AllocSpace objects, 3(48KB) LOS objects, 19% free, 5MB/6MB, paused 179.782ms total 2.355s
I/art     (  424): WaitForGcToComplete blocked for 908.907ms for cause HeapTrim
W/Zygote  (  602): Slow operation: 1878ms so far, now at Zygote.postForkCommon
W/Zygote  (  602): Slow operation: 1901ms so far, now at zygoteConnection.runOnce: postForkAndSpecialize
V/WebViewFactory(  589): RelroFileCreator (64bit = false),  32-bit lib: /system/app/webview/lib/arm/libwebviewchromium.so, 64-bit lib: 
E/NetdConnector(  424): NDC Command {2 bandwidth enable} took too long (3652ms)
I/art     (  589): System.exit called, status: 0
