W/chromium( 1729): [WARNING:data_reduction_proxy_settings.cc(403)] SPDY proxy OFF at startup
W/art     ( 1729): Attempt to remove local handle scope entry from IRT, ignoring
W/AwContents( 1729): onDetachedFromWindow called when already detached. Ignoring
I/art     ( 1729): Background sticky concurrent mark sweep GC freed 846(83KB) AllocSpace objects, 0(0B) LOS objects, 15% free, 794KB/942KB, paused 25.693ms total 306.895ms
D/SystemWebViewEngine( 1729): CordovaWebView is running on device made by: unknown
W/art     ( 1729): Attempt to remove local handle scope entry from IRT, ignoring
W/art     ( 1729): Attempt to remove local handle scope entry from IRT, ignoring
I/art     ( 1729): Background partial concurrent mark sweep GC freed 690(41KB) AllocSpace objects, 0(0B) LOS objects, 37% free, 842KB/1354KB, paused 6.425ms total 397.974ms
D/OpenGLRenderer( 1729): Render dirty regions requested: true
D/Atlas   ( 1729): Validating map...
I/OpenGLRenderer( 1729): Initialized EGL, version 1.4
D/        ( 1729): HostConnection::get() New Host Connection established 0xa5dc58a0, tid 1793
D/OpenGLRenderer( 1729): Enabling debug mode 0
W/EGL_emulation( 1729): eglSurfaceAttrib not implemented
W/OpenGLRenderer( 1729): Failed to set EGL_SWAP_BEHAVIOR on surface 0xa56285a0, error=EGL_SUCCESS
I/Choreographer( 1729): Skipped 32 frames!  The application may be doing too much work on its main thread.
I/ActivityManager(  424): Displayed com.app.lab7/.MainActivity: +7s668ms
D/AndroidRuntime( 1705): Shutting down VM
I/MediaFocusControl(  424):  AudioFocus  abandonAudioFocus() from android.media.AudioManager@eb6457bcom.android.music.MediaPlaybackService$3@4e93f98
E/eglCodecCommon( 1729): glUtilsParamSize: unknow param 0x00000b44
E/eglCodecCommon( 1729): glUtilsParamSize: unknow param 0x00000bd0
E/eglCodecCommon( 1729): **** ERROR unknown type 0x0 (glSizeof,72)
E/eglCodecCommon( 1729): **** ERROR unknown type 0x0 (glSizeof,72)
E/eglCodecCommon( 1729): glUtilsParamSize: unknow param 0x00000b44
E/eglCodecCommon( 1729): glUtilsParamSize: unknow param 0x00000bd0
E/eglCodecCommon( 1729): **** ERROR unknown type 0x0 (glSizeof,72)
E/eglCodecCommon( 1729): **** ERROR unknown type 0x0 (glSizeof,72)
E/eglCodecCommon( 1729): glUtilsParamSize: unknow param 0x00000b44
E/eglCodecCommon( 1729): glUtilsParamSize: unknow param 0x00000bd0
E/eglCodecCommon( 1729): **** ERROR unknown type 0x0 (glSizeof,72)
E/eglCodecCommon( 1729): **** ERROR unknown type 0x0 (glSizeof,72)
E/eglCodecCommon( 1729): glUtilsParamSize: unknow param 0x00000b44
E/eglCodecCommon( 1729): glUtilsParamSize: unknow param 0x00000bd0
E/eglCodecCommon( 1729): **** ERROR unknown type 0x0 (glSizeof,72)
E/eglCodecCommon( 1729): **** ERROR unknown type 0x0 (glSizeof,72)
E/eglCodecCommon( 1729): glUtilsParamSize: unknow param 0x00000b44
E/eglCodecCommon( 1729): glUtilsParamSize: unknow param 0x00000bd0
E/eglCodecCommon( 1729): **** ERROR unknown type 0x0 (glSizeof,72)
E/eglCodecCommon( 1729): **** ERROR unknown type 0x0 (glSizeof,72)
I/art     ( 1729): Background sticky concurrent mark sweep GC freed 534(66KB) AllocSpace objects, 1(16KB) LOS objects, 31% free, 931KB/1354KB, paused 17.064ms total 167.342ms
I/art     ( 1729): Background sticky concurrent mark sweep GC freed 7(304B) AllocSpace objects, 0(0B) LOS objects, 31% free, 931KB/1354KB, paused 11.291ms total 47.459ms
W/ProcessCpuTracker(  424): Skipping unknown process pid 1816
D/JsMessageQueue( 1729): Set native->JS mode to OnlineEventsBridgeMode
I/chromium( 1729): [INFO:CONSOLE(2)] "Hola Mundo", source: file:///android_asset/www/js/lab7.js (2)
I/ActivityManager(  424): Delay finish: com.android.mms/.transaction.MmsSystemEventReceiver
I/chromium( 1729): [INFO:CONSOLE(23)] "No Content-Security-Policy meta tag found. Please add one when using the cordova-plugin-whitelist plugin.", source: file:///android_asset/www/plugins/cordova-plugin-whitelist/whitelist.js (23)
I/chromium( 1729): [INFO:SkUtilsArm.cpp(179)] Device supports ARM NEON instructions!
I/chromium( 1729): 
I/chromium( 1729): [INFO:CONSOLE(0)] "'Attr.nodeValue' is deprecated. Please use 'value' instead.", source:  (0)
I/art     ( 1729): Background partial concurrent mark sweep GC freed 3403(202KB) AllocSpace objects, 1(16KB) LOS objects, 33% free, 1014KB/1526KB, paused 2.612ms total 220.286ms
E/eglCodecCommon( 1729): glUtilsParamSize: unknow param 0x00000b44
E/eglCodecCommon( 1729): glUtilsParamSize: unknow param 0x00000bd0
E/eglCodecCommon( 1729): **** ERROR unknown type 0x0 (glSizeof,72)
E/eglCodecCommon( 1729): **** ERROR unknown type 0x0 (glSizeof,72)
E/eglCodecCommon( 1729): glUtilsParamSize: unknow param 0x00000b44
E/eglCodecCommon( 1729): glUtilsParamSize: unknow param 0x00000bd0
E/eglCodecCommon( 1729): **** ERROR unknown type 0x0 (glSizeof,72)
E/eglCodecCommon( 1729): **** ERROR unknown type 0x0 (glSizeof,72)
D/MmsSmsDatabaseHelper(  816): [MmsSmsDb] tableName: threads hasAutoIncrement: CREATE TABLE threads (_id INTEGER PRIMARY KEY AUTOINCREMENT,date INTEGER DEFAULT 0,message_count INTEGER DEFAULT 0,recipient_ids TEXT,snippet TEXT,snippet_cs INTEGER DEFAULT 0,read INTEGER DEFAULT 1,archived INTEGER DEFAULT 0,type INTEGER DEFAULT 0,error INTEGER DEFAULT 0,has_attachment INTEGER DEFAULT 0) result: true
D/MmsSmsDatabaseHelper(  816): [MmsSmsDb] tableName: canonical_addresses hasAutoIncrement: CREATE TABLE canonical_addresses (_id INTEGER PRIMARY KEY AUTOINCREMENT,address TEXT) result: true
D/MmsSmsDatabaseHelper(  816): [MmsSmsDb] tableName: part hasAutoIncrement: CREATE TABLE part (_id INTEGER PRIMARY KEY AUTOINCREMENT,mid INTEGER,seq INTEGER DEFAULT 0,ct TEXT,name TEXT,chset INTEGER,cd TEXT,fn TEXT,cid TEXT,cl TEXT,ctt_s INTEGER,ctt_t TEXT,_data TEXT,text TEXT) result: true
D/MmsSmsDatabaseHelper(  816): [MmsSmsDb] tableName: pdu hasAutoIncrement: CREATE TABLE pdu (_id INTEGER PRIMARY KEY AUTOINCREMENT,thread_id INTEGER,date INTEGER,date_sent INTEGER DEFAULT 0,msg_box INTEGER,read INTEGER DEFAULT 0,m_id TEXT,sub TEXT,sub_cs INTEGER,ct_t TEXT,ct_l TEXT,exp INTEGER,m_cls TEXT,m_type INTEGER,v INTEGER,m_size INTEGER,pri INTEGER,rr INTEGER,rpt_a INTEGER,resp_st INTEGER,st INTEGER,tr_id TEXT,retr_st INTEGER,retr_txt TEXT,retr_txt_cs INTEGER,read_status INTEGER,ct_cls INTEGER,resp_txt TEXT,d_tm INTEGER,d_rpt INTEGER,locked INTEGER DEFAULT 0,sub_id INTEGER DEFAULT -1, seen INTEGER DEFAULT 0,creator TEXT,text_only INTEGER DEFAULT 0) result: true
D/MmsSmsDatabaseHelper(  816): [getWritableDatabase] hasAutoIncrementThreads: true hasAutoIncrementAddresses: true hasAutoIncrementPart: true hasAutoIncrementPdu: true
D/Mms     ( 1683): cancelNotification
W/art     (  850): Suspending all threads took: 9.485ms
I/ActivityManager(  424): Resuming delayed broadcast
I/ActivityManager(  424): Delay finish: com.android.mms/.transaction.SmsReceiver
D/Mms     ( 1683): cancelNotification
I/ActivityManager(  424): Resuming delayed broadcast
I/art     ( 1683): WaitForGcToComplete blocked for 141.707ms for cause CollectorTransition
I/art     (   67): Background concurrent mark sweep GC freed 786(33KB) AllocSpace objects, 0(0B) LOS objects, 82% free, 110KB/622KB, paused 840us total 139.920ms
I/ActivityManager(  424): Start proc com.android.calendar for broadcast com.android.calendar/.alerts.AlertReceiver: pid=1848 uid=10017 gids={50017, 9997, 3003} abi=armeabi-v7a
E/eglCodecCommon( 1729): glUtilsParamSize: unknow param 0x00000b44
E/eglCodecCommon( 1729): glUtilsParamSize: unknow param 0x00000bd0
E/eglCodecCommon( 1729): **** ERROR unknown type 0x0 (glSizeof,72)
E/eglCodecCommon( 1729): **** ERROR unknown type 0x0 (glSizeof,72)
E/eglCodecCommon( 1729): glUtilsParamSize: unknow param 0x00000b44
E/eglCodecCommon( 1729): glUtilsParamSize: unknow param 0x00000bd0
E/eglCodecCommon( 1729): **** ERROR unknown type 0x0 (glSizeof,72)
E/eglCodecCommon( 1729): **** ERROR unknown type 0x0 (glSizeof,72)
E/eglCodecCommon( 1729): glUtilsParamSize: unknow param 0x00000b44
E/eglCodecCommon( 1729): glUtilsParamSize: unknow param 0x00000bd0
E/eglCodecCommon( 1729): **** ERROR unknown type 0x0 (glSizeof,72)
E/eglCodecCommon( 1729): **** ERROR unknown type 0x0 (glSizeof,72)
E/eglCodecCommon( 1729): glUtilsParamSize: unknow param 0x00000b44
E/eglCodecCommon( 1729): glUtilsParamSize: unknow param 0x00000bd0
E/eglCodecCommon( 1729): **** ERROR unknown type 0x0 (glSizeof,72)
E/eglCodecCommon( 1729): **** ERROR unknown type 0x0 (glSizeof,72)
E/eglCodecCommon( 1729): glUtilsParamSize: unknow param 0x00000b44
E/eglCodecCommon( 1729): glUtilsParamSize: unknow param 0x00000bd0
E/eglCodecCommon( 1729): **** ERROR unknown type 0x0 (glSizeof,72)
E/eglCodecCommon( 1729): **** ERROR unknown type 0x0 (glSizeof,72)
E/eglCodecCommon( 1729): glUtilsParamSize: unknow param 0x00000b44
E/eglCodecCommon( 1729): glUtilsParamSize: unknow param 0x00000bd0
E/eglCodecCommon( 1729): **** ERROR unknown type 0x0 (glSizeof,72)
E/eglCodecCommon( 1729): **** ERROR unknown type 0x0 (glSizeof,72)
E/eglCodecCommon( 1729): glUtilsParamSize: unknow param 0x00000b44
E/eglCodecCommon( 1729): glUtilsParamSize: unknow param 0x00000bd0
E/eglCodecCommon( 1729): **** ERROR unknown type 0x0 (glSizeof,72)
E/eglCodecCommon( 1729): **** ERROR unknown type 0x0 (glSizeof,72)
E/eglCodecCommon( 1729): glUtilsParamSize: unknow param 0x00000b44
E/eglCodecCommon( 1729): glUtilsParamSize: unknow param 0x00000bd0
E/eglCodecCommon( 1729): **** ERROR unknown type 0x0 (glSizeof,72)
E/eglCodecCommon( 1729): **** ERROR unknown type 0x0 (glSizeof,72)
E/eglCodecCommon( 1729): glUtilsParamSize: unknow param 0x00000b44
E/eglCodecCommon( 1729): glUtilsParamSize: unknow param 0x00000bd0
E/eglCodecCommon( 1729): **** ERROR unknown type 0x0 (glSizeof,72)
E/eglCodecCommon( 1729): **** ERROR unknown type 0x0 (glSizeof,72)
E/eglCodecCommon( 1729): glUtilsParamSize: unknow param 0x00000b44
E/eglCodecCommon( 1729): glUtilsParamSize: unknow param 0x00000bd0
E/eglCodecCommon( 1729): **** ERROR unknown type 0x0 (glSizeof,72)
E/eglCodecCommon( 1729): **** ERROR unknown type 0x0 (glSizeof,72)
E/eglCodecCommon( 1729): glUtilsParamSize: unknow param 0x00000b44
E/eglCodecCommon( 1729): glUtilsParamSize: unknow param 0x00000bd0
E/eglCodecCommon( 1729): **** ERROR unknown type 0x0 (glSizeof,72)
E/eglCodecCommon( 1729): **** ERROR unknown type 0x0 (glSizeof,72)
E/eglCodecCommon( 1729): glUtilsParamSize: unknow param 0x00000b44
E/eglCodecCommon( 1729): glUtilsParamSize: unknow param 0x00000bd0
E/eglCodecCommon( 1729): **** ERROR unknown type 0x0 (glSizeof,72)
E/eglCodecCommon( 1729): **** ERROR unknown type 0x0 (glSizeof,72)
E/eglCodecCommon( 1729): glUtilsParamSize: unknow param 0x00000b44
E/eglCodecCommon( 1729): glUtilsParamSize: unknow param 0x00000bd0
E/eglCodecCommon( 1729): **** ERROR unknown type 0x0 (glSizeof,72)
E/eglCodecCommon( 1729): **** ERROR unknown type 0x0 (glSizeof,72)
D/ExtensionsFactory( 1848): No custom extensions.
D/AlertReceiver( 1848): onReceive: a=android.intent.action.BOOT_COMPLETED Intent { act=android.intent.action.BOOT_COMPLETED flg=0x8000010 cmp=com.android.calendar/.alerts.AlertReceiver (has extras) }
I/ActivityManager(  424): Delay finish: com.android.calendar/.alerts.AlertReceiver
D/AlertService( 1848): 0 Action = android.intent.action.BOOT_COMPLETED
D/AlertService( 1848): Scheduling next alarm with AlarmScheduler. sEventReminderReceived: null
D/AlarmScheduler( 1848): No events found starting within 1 week.
I/art     (  424): Background sticky concurrent mark sweep GC freed 7002(878KB) AllocSpace objects, 31(496KB) LOS objects, 17% free, 6MB/8MB, paused 13.597ms total 118.322ms
I/ActivityManager(  424): Waited long enough for: ServiceRecord{7ef90b u0 com.android.calendar/.alerts.InitAlarmsService}
I/ActivityManager(  424): Resuming delayed broadcast
V/AlarmClock(  969): AlarmInitReceiver android.intent.action.BOOT_COMPLETED
V/AlarmClock(  969): AlarmInitReceiver - Reset timers and clear stopwatch data
V/AlarmClock(  969): AlarmInitReceiver finished
I/ActivityManager(  424): Start proc com.android.email for broadcast com.android.email/.service.EmailBroadcastReceiver: pid=1940 uid=10025 gids={50025, 9997, 3003, 1028, 1015} abi=armeabi-v7a
W/art     ( 1940): Suspending all threads took: 97.270ms
W/art     ( 1940): Suspending all threads took: 10.002ms
I/ActivityManager(  424): Start proc com.android.exchange for service com.android.exchange/.service.EasService: pid=1962 uid=10027 gids={50027, 9997, 3003, 1028, 1015} abi=armeabi-v7a
D/ActivityThread( 1940): Loading provider com.android.email.provider;com.android.email.notifier: com.android.email.provider.EmailProvider
I/ActivityManager(  424): Delay finish: com.android.email/.service.EmailBroadcastReceiver
W/ActivityManager(  424): Unable to start service Intent { cmp=com.android.email/.service.AttachmentService } U=0: not found
I/Exchange( 1962): EasService.onCreate
I/Exchange( 1962): RestartPingTask
I/Exchange( 1962): RestartPingsTask did not start any pings.
I/Exchange( 1962): PSS stopIfIdle
I/Exchange( 1962): PSS has no active accounts; stopping service.
I/ActivityManager(  424): Resuming delayed broadcast
E/ActivityThread( 1940): Service com.android.email.service.EmailBroadcastProcessorService has leaked ServiceConnection com.android.emailcommon.service.ServiceProxy$ProxyConnection@115f836b that was originally bound here
E/ActivityThread( 1940): android.app.ServiceConnectionLeaked: Service com.android.email.service.EmailBroadcastProcessorService has leaked ServiceConnection com.android.emailcommon.service.ServiceProxy$ProxyConnection@115f836b that was originally bound here
E/ActivityThread( 1940): 	at android.app.LoadedApk$ServiceDispatcher.<init>(LoadedApk.java:1072)
E/ActivityThread( 1940): 	at android.app.LoadedApk.getServiceDispatcher(LoadedApk.java:966)
E/ActivityThread( 1940): 	at android.app.ContextImpl.bindServiceCommon(ContextImpl.java:1768)
E/ActivityThread( 1940): 	at android.app.ContextImpl.bindService(ContextImpl.java:1751)
E/ActivityThread( 1940): 	at android.content.ContextWrapper.bindService(ContextWrapper.java:538)
E/ActivityThread( 1940): 	at com.android.emailcommon.service.ServiceProxy.setTask(ServiceProxy.java:181)
E/ActivityThread( 1940): 	at com.android.emailcommon.service.ServiceProxy.test(ServiceProxy.java:224)
E/ActivityThread( 1940): 	at com.android.email.service.EmailServiceUtils.isServiceAvailable(EmailServiceUtils.java:160)
E/ActivityThread( 1940): 	at com.android.email.provider.AccountReconciler.reconcileAccountsInternal(AccountReconciler.java:171)
E/ActivityThread( 1940): 	at com.android.email.provider.AccountReconciler.reconcileAccounts(AccountReconciler.java:115)
E/ActivityThread( 1940): 	at com.android.email.service.EmailBroadcastProcessorService.reconcileAndStartServices(EmailBroadcastProcessorService.java:305)
E/ActivityThread( 1940): 	at com.android.email.service.EmailBroadcastProcessorService.onBootCompleted(EmailBroadcastProcessorService.java:295)
E/ActivityThread( 1940): 	at com.android.email.service.EmailBroadcastProcessorService.onHandleIntent(EmailBroadcastProcessorService.java:130)
E/ActivityThread( 1940): 	at android.app.IntentService$ServiceHandler.handleMessage(IntentService.java:65)
E/ActivityThread( 1940): 	at android.os.Handler.dispatchMessage(Handler.java:102)
E/ActivityThread( 1940): 	at android.os.Looper.loop(Looper.java:135)
E/ActivityThread( 1940): 	at android.os.HandlerThread.run(HandlerThread.java:61)
I/SystemBroadcastReceiver(  699): Boot has been completed
I/Email   ( 1940): Observing account changes for notifications
W/ActivityManager(  424): Unable to start service Intent { cmp=com.android.email/.service.AttachmentService } U=0: not found
I/LauncherIconVisibilityManager(  699): Activity has already been disabled: ComponentInfo{com.android.inputmethod.latin/com.android.inputmethod.latin.setup.SetupActivity}
E/EmailServiceProxy( 1940): RuntimeException when trying to unbind from service
E/EmailServiceProxy( 1940): java.lang.IllegalArgumentException: Service not registered: com.android.emailcommon.service.ServiceProxy$ProxyConnection@115f836b
E/EmailServiceProxy( 1940): 	at android.app.LoadedApk.forgetServiceDispatcher(LoadedApk.java:1024)
E/EmailServiceProxy( 1940): 	at android.app.ContextImpl.unbindService(ContextImpl.java:1802)
E/EmailServiceProxy( 1940): 	at android.content.ContextWrapper.unbindService(ContextWrapper.java:550)
E/EmailServiceProxy( 1940): 	at com.android.emailcommon.service.ServiceProxy$ProxyConnection$1.doInBackground(ServiceProxy.java:124)
E/EmailServiceProxy( 1940): 	at com.android.emailcommon.service.ServiceProxy$ProxyConnection$1.doInBackground(ServiceProxy.java:111)
E/EmailServiceProxy( 1940): 	at android.os.AsyncTask$2.call(AsyncTask.java:288)
E/EmailServiceProxy( 1940): 	at java.util.concurrent.FutureTask.run(FutureTask.java:237)
E/EmailServiceProxy( 1940): 	at android.os.AsyncTask$SerialExecutor$1.run(AsyncTask.java:231)
E/EmailServiceProxy( 1940): 	at java.util.concurrent.ThreadPoolExecutor.runWorker(ThreadPoolExecutor.java:1112)
E/EmailServiceProxy( 1940): 	at java.util.concurrent.ThreadPoolExecutor$Worker.run(ThreadPoolExecutor.java:587)
E/EmailServiceProxy( 1940): 	at java.lang.Thread.run(Thread.java:818)
V/AlarmClock(  969): AlarmInitReceiver android.intent.action.TIMEZONE_CHANGED
V/AlarmClock(  969): AlarmInitReceiver finished
V/AlarmClock(  969): AlarmInitReceiver android.intent.action.TIME_SET
V/AlarmClock(  969): AlarmInitReceiver finished
D/AlertReceiver( 1848): onReceive: a=android.intent.action.PROVIDER_CHANGED Intent { act=android.intent.action.PROVIDER_CHANGED dat=content://com.android.calendar flg=0x10 cmp=com.android.calendar/.alerts.AlertReceiver }
I/ActivityManager(  424): Delay finish: com.android.calendar/.alerts.AlertReceiver
D/AlertService( 1848): 0 Action = android.intent.action.PROVIDER_CHANGED
I/GlobalDismissManager( 1848): no sender configured
D/AlertService( 1848): Beginning updateAlertNotification
D/AlertService( 1848): No fired or scheduled alerts
D/AlertService( 1848): Scheduling next alarm with AlarmScheduler. sEventReminderReceived: null
D/AlarmScheduler( 1848): No events found starting within 1 week.
I/ActivityManager(  424): Resuming delayed broadcast
W/ContextImpl( 1259): Calling a method in the system process without a qualified user: android.app.ContextImpl.startService:1686 android.content.ContextWrapper.startService:515 android.content.ContextWrapper.startService:515 com.android.keychain.KeyChainBroadcastReceiver.onReceive:12 android.app.ActivityThread.handleReceiver:2579 
I/ActivityManager(  424): Delay finish: com.android.keychain/.KeyChainBroadcastReceiver
I/ActivityManager(  424): Resuming delayed broadcast
I/ActivityManager(  424): Start proc com.svox.pico for broadcast com.svox.pico/.VoiceDataInstallerReceiver: pid=2033 uid=10038 gids={50038, 9997, 1028, 1015} abi=armeabi-v7a
I/ActivityManager(  424): Delay finish: com.android.providers.calendar/.CalendarProviderBroadcastReceiver
E/SQLiteLog( 1494): (284) automatic index on view_events(_id)
I/ActivityManager(  424): Resuming delayed broadcast
I/ActivityManager(  424): Delay finish: com.android.mms/.transaction.SmsReceiver
V/Mms     ( 1683): onStart: #1 mResultCode: -1 = Activity.RESULT_OK
I/ActivityManager(  424): Resuming delayed broadcast
D/InitAlarmsService( 1848): Clearing and rescheduling alarms.
W/ProcessCpuTracker(  424): Skipping unknown process pid 2062
W/ProcessCpuTracker(  424): Skipping unknown process pid 2067
I/ActivityManager(  424): Delay finish: com.android.providers.calendar/.CalendarProviderBroadcastReceiver
I/ActivityManager(  424): Resuming delayed broadcast
I/art     (  424): Background sticky concurrent mark sweep GC freed 4425(677KB) AllocSpace objects, 28(448KB) LOS objects, 14% free, 7MB/8MB, paused 3.832ms total 149.238ms
E/eglCodecCommon( 1729): glUtilsParamSize: unknow param 0x00000b44
E/eglCodecCommon( 1729): glUtilsParamSize: unknow param 0x00000bd0
E/eglCodecCommon( 1729): **** ERROR unknown type 0x0 (glSizeof,72)
E/eglCodecCommon( 1729): **** ERROR unknown type 0x0 (glSizeof,72)
E/eglCodecCommon( 1729): glUtilsParamSize: unknow param 0x00000b44
E/eglCodecCommon( 1729): glUtilsParamSize: unknow param 0x00000bd0
E/eglCodecCommon( 1729): **** ERROR unknown type 0x0 (glSizeof,72)
E/eglCodecCommon( 1729): **** ERROR unknown type 0x0 (glSizeof,72)
E/eglCodecCommon( 1729): glUtilsParamSize: unknow param 0x00000b44
E/eglCodecCommon( 1729): glUtilsParamSize: unknow param 0x00000bd0
E/eglCodecCommon( 1729): **** ERROR unknown type 0x0 (glSizeof,72)
E/eglCodecCommon( 1729): **** ERROR unknown type 0x0 (glSizeof,72)
I/art     (  424): Background sticky concurrent mark sweep GC freed 3807(584KB) AllocSpace objects, 32(512KB) LOS objects, 13% free, 7MB/8MB, paused 3.354ms total 114.634ms
I/art     (  424): Background sticky concurrent mark sweep GC freed 3361(557KB) AllocSpace objects, 30(480KB) LOS objects, 13% free, 7MB/8MB, paused 14.582ms total 90.646ms
W/ProcessCpuTracker(  424): Skipping unknown process pid 2601
I/art     (  424): Background sticky concurrent mark sweep GC freed 3756(563KB) AllocSpace objects, 22(352KB) LOS objects, 12% free, 7MB/8MB, paused 13.925ms total 96.371ms
I/art     (  424): Background sticky concurrent mark sweep GC freed 2913(473KB) AllocSpace objects, 25(400KB) LOS objects, 11% free, 7MB/8MB, paused 18.667ms total 83.403ms
I/art     (  424): Background sticky concurrent mark sweep GC freed 2498(422KB) AllocSpace objects, 24(384KB) LOS objects, 10% free, 7MB/8MB, paused 17.639ms total 98ms
I/art     (  424): Background sticky concurrent mark sweep GC freed 2986(461KB) AllocSpace objects, 21(336KB) LOS objects, 10% free, 7MB/8MB, paused 3.808ms total 245.005ms
W/ProcessCpuTracker(  424): Skipping unknown process pid 2944
I/art     (  424): Background partial concurrent mark sweep GC freed 12798(952KB) AllocSpace objects, 28(528KB) LOS objects, 19% free, 6MB/8MB, paused 2.894ms total 460.757ms
E/eglCodecCommon( 1729): glUtilsParamSize: unknow param 0x00000b44
E/eglCodecCommon( 1729): glUtilsParamSize: unknow param 0x00000bd0
E/eglCodecCommon( 1729): **** ERROR unknown type 0x0 (glSizeof,72)
E/eglCodecCommon( 1729): **** ERROR unknown type 0x0 (glSizeof,72)
E/eglCodecCommon( 1729): glUtilsParamSize: unknow param 0x00000b44
E/eglCodecCommon( 1729): glUtilsParamSize: unknow param 0x00000bd0
E/eglCodecCommon( 1729): **** ERROR unknown type 0x0 (glSizeof,72)
E/eglCodecCommon( 1729): **** ERROR unknown type 0x0 (glSizeof,72)
E/eglCodecCommon( 1729): glUtilsParamSize: unknow param 0x00000b44
E/eglCodecCommon( 1729): glUtilsParamSize: unknow param 0x00000bd0
E/eglCodecCommon( 1729): **** ERROR unknown type 0x0 (glSizeof,72)
E/eglCodecCommon( 1729): **** ERROR unknown type 0x0 (glSizeof,72)
E/eglCodecCommon( 1729): glUtilsParamSize: unknow param 0x00000b44
E/eglCodecCommon( 1729): glUtilsParamSize: unknow param 0x00000bd0
E/eglCodecCommon( 1729): **** ERROR unknown type 0x0 (glSizeof,72)
E/eglCodecCommon( 1729): **** ERROR unknown type 0x0 (glSizeof,72)
E/eglCodecCommon( 1729): glUtilsParamSize: unknow param 0x00000b44
E/eglCodecCommon( 1729): glUtilsParamSize: unknow param 0x00000bd0
E/eglCodecCommon( 1729): **** ERROR unknown type 0x0 (glSizeof,72)
E/eglCodecCommon( 1729): **** ERROR unknown type 0x0 (glSizeof,72)
E/eglCodecCommon( 1729): glUtilsParamSize: unknow param 0x00000b44
E/eglCodecCommon( 1729): glUtilsParamSize: unknow param 0x00000bd0
E/eglCodecCommon( 1729): **** ERROR unknown type 0x0 (glSizeof,72)
E/eglCodecCommon( 1729): **** ERROR unknown type 0x0 (glSizeof,72)
E/eglCodecCommon( 1729): glUtilsParamSize: unknow param 0x00000b44
E/eglCodecCommon( 1729): glUtilsParamSize: unknow param 0x00000bd0
E/eglCodecCommon( 1729): **** ERROR unknown type 0x0 (glSizeof,72)
E/eglCodecCommon( 1729): **** ERROR unknown type 0x0 (glSizeof,72)
E/eglCodecCommon( 1729): glUtilsParamSize: unknow param 0x00000b44
E/eglCodecCommon( 1729): glUtilsParamSize: unknow param 0x00000bd0
E/eglCodecCommon( 1729): **** ERROR unknown type 0x0 (glSizeof,72)
E/eglCodecCommon( 1729): **** ERROR unknown type 0x0 (glSizeof,72)
E/eglCodecCommon( 1729): glUtilsParamSize: unknow param 0x00000b44
E/eglCodecCommon( 1729): glUtilsParamSize: unknow param 0x00000bd0
E/eglCodecCommon( 1729): **** ERROR unknown type 0x0 (glSizeof,72)
E/eglCodecCommon( 1729): **** ERROR unknown type 0x0 (glSizeof,72)
E/eglCodecCommon( 1729): glUtilsParamSize: unknow param 0x00000b44
E/eglCodecCommon( 1729): glUtilsParamSize: unknow param 0x00000bd0
E/eglCodecCommon( 1729): **** ERROR unknown type 0x0 (glSizeof,72)
E/eglCodecCommon( 1729): **** ERROR unknown type 0x0 (glSizeof,72)
E/eglCodecCommon( 1729): glUtilsParamSize: unknow param 0x00000b44
E/eglCodecCommon( 1729): glUtilsParamSize: unknow param 0x00000bd0
E/eglCodecCommon( 1729): **** ERROR unknown type 0x0 (glSizeof,72)
E/eglCodecCommon( 1729): **** ERROR unknown type 0x0 (glSizeof,72)
E/eglCodecCommon( 1729): glUtilsParamSize: unknow param 0x00000b44
E/eglCodecCommon( 1729): glUtilsParamSize: unknow param 0x00000bd0
E/eglCodecCommon( 1729): **** ERROR unknown type 0x0 (glSizeof,72)
E/eglCodecCommon( 1729): **** ERROR unknown type 0x0 (glSizeof,72)
E/eglCodecCommon( 1729): glUtilsParamSize: unknow param 0x00000b44
E/eglCodecCommon( 1729): glUtilsParamSize: unknow param 0x00000bd0
E/eglCodecCommon( 1729): **** ERROR unknown type 0x0 (glSizeof,72)
E/eglCodecCommon( 1729): **** ERROR unknown type 0x0 (glSizeof,72)
E/eglCodecCommon( 1729): glUtilsParamSize: unknow param 0x00000b44
E/eglCodecCommon( 1729): glUtilsParamSize: unknow param 0x00000bd0
E/eglCodecCommon( 1729): **** ERROR unknown type 0x0 (glSizeof,72)
E/eglCodecCommon( 1729): **** ERROR unknown type 0x0 (glSizeof,72)
E/eglCodecCommon( 1729): glUtilsParamSize: unknow param 0x00000b44
E/eglCodecCommon( 1729): glUtilsParamSize: unknow param 0x00000bd0
E/eglCodecCommon( 1729): **** ERROR unknown type 0x0 (glSizeof,72)
E/eglCodecCommon( 1729): **** ERROR unknown type 0x0 (glSizeof,72)
E/eglCodecCommon( 1729): glUtilsParamSize: unknow param 0x00000b44
E/eglCodecCommon( 1729): glUtilsParamSize: unknow param 0x00000bd0
E/eglCodecCommon( 1729): **** ERROR unknown type 0x0 (glSizeof,72)
E/eglCodecCommon( 1729): **** ERROR unknown type 0x0 (glSizeof,72)
E/eglCodecCommon( 1729): glUtilsParamSize: unknow param 0x00000b44
E/eglCodecCommon( 1729): glUtilsParamSize: unknow param 0x00000bd0
E/eglCodecCommon( 1729): **** ERROR unknown type 0x0 (glSizeof,72)
E/eglCodecCommon( 1729): **** ERROR unknown type 0x0 (glSizeof,72)
E/eglCodecCommon( 1729): glUtilsParamSize: unknow param 0x00000b44
E/eglCodecCommon( 1729): glUtilsParamSize: unknow param 0x00000bd0
E/eglCodecCommon( 1729): **** ERROR unknown type 0x0 (glSizeof,72)
E/eglCodecCommon( 1729): **** ERROR unknown type 0x0 (glSizeof,72)
E/eglCodecCommon( 1729): glUtilsParamSize: unknow param 0x00000b44
E/eglCodecCommon( 1729): glUtilsParamSize: unknow param 0x00000bd0
E/eglCodecCommon( 1729): **** ERROR unknown type 0x0 (glSizeof,72)
E/eglCodecCommon( 1729): **** ERROR unknown type 0x0 (glSizeof,72)
E/eglCodecCommon( 1729): glUtilsParamSize: unknow param 0x00000b44
E/eglCodecCommon( 1729): glUtilsParamSize: unknow param 0x00000bd0
E/eglCodecCommon( 1729): **** ERROR unknown type 0x0 (glSizeof,72)
E/eglCodecCommon( 1729): **** ERROR unknown type 0x0 (glSizeof,72)
E/eglCodecCommon( 1729): glUtilsParamSize: unknow param 0x00000b44
E/eglCodecCommon( 1729): glUtilsParamSize: unknow param 0x00000bd0
E/eglCodecCommon( 1729): **** ERROR unknown type 0x0 (glSizeof,72)
E/eglCodecCommon( 1729): **** ERROR unknown type 0x0 (glSizeof,72)
E/eglCodecCommon( 1729): glUtilsParamSize: unknow param 0x00000b44
E/eglCodecCommon( 1729): glUtilsParamSize: unknow param 0x00000bd0
E/eglCodecCommon( 1729): **** ERROR unknown type 0x0 (glSizeof,72)
E/eglCodecCommon( 1729): **** ERROR unknown type 0x0 (glSizeof,72)
I/art     (  424): Background sticky concurrent mark sweep GC freed 4957(835KB) AllocSpace objects, 46(736KB) LOS objects, 19% free, 6MB/8MB, paused 37.325ms total 130.916ms
I/art     (  424): Background sticky concurrent mark sweep GC freed 4704(781KB) AllocSpace objects, 44(704KB) LOS objects, 18% free, 6MB/8MB, paused 24.599ms total 279.480ms
I/art     (  424): Background sticky concurrent mark sweep GC freed 4732(761KB) AllocSpace objects, 41(656KB) LOS objects, 17% free, 6MB/8MB, paused 13.347ms total 120.067ms
I/art     (  424): Background sticky concurrent mark sweep GC freed 4899(770KB) AllocSpace objects, 37(592KB) LOS objects, 17% free, 7MB/8MB, paused 3.686ms total 196.156ms
I/art     (  424): Background sticky concurrent mark sweep GC freed 4225(694KB) AllocSpace objects, 39(624KB) LOS objects, 16% free, 7MB/8MB, paused 13.613ms total 94.740ms
