--------- beginning of main
I/qemu-props(    0): connected to 'boot-properties' qemud service.
W/auditd  (   48): type=2000 audit(0.0:1): initialized
I/auditd  (   48): type=1403 audit(0.0:2): policy loaded auid=4294967295 ses=4294967295
W/auditd  (   48): type=1404 audit(0.0:3): enforcing=1 old_enforcing=0 auid=4294967295 ses=4294967295
I/qemu-props(    0): receiving..
I/qemu-props(    0): received: dalvik.vm.heapsize=48m
I/qemu-props(    0): receiving..
I/qemu-props(    0): received: ro.config.low_ram=true
I/qemu-props(    0): receiving..
I/qemu-props(    0): received: qemu.sf.lcd_density=120
I/qemu-props(    0): receiving..
I/qemu-props(    0): received: qemu.hw.mainkeys=0
I/qemu-props(    0): receiving..
I/qemu-props(    0): received: qemu.sf.fake_camera=none
I/qemu-props(    0): receiving..
I/qemu-props(    0): received: ro.opengles.version=131072
I/qemu-props(    0): receiving..
I/qemu-props(    0): exiting (6 properties set).
I/installd(    0): installd firing up
I/        (   61): debuggerd: Dec 11 2014 01:01:35
I/lowmemorykiller(   50): Using in-kernel low memory killer interface
I/Netd    (   60): Netd 1.0 starting
--------- beginning of system
I/Vold    (   52): Vold 2.1 (the revenge) firing up
D/Vold    (   52): Volume sdcard state changing -1 (Initializing) -> 0 (No-Media)
I/SurfaceFlinger(   53): SurfaceFlinger is starting
I/SurfaceFlinger(   53): SurfaceFlinger's main thread ready to run. Initializing graphics H/W...
D/libEGL  (   53): loaded /system/lib/egl/libEGL_emulation.so
D/libEGL  (   53): loaded /system/lib/egl/libGLESv1_CM_emulation.so
D/libEGL  (   53): loaded /system/lib/egl/libGLESv2_emulation.so
D/        (   53): HostConnection::get() New Host Connection established 0xb691b270, tid 53
E/SurfaceFlinger(   53): hwcomposer module not found
W/SurfaceFlinger(   53): no suitable EGLConfig found, trying a simpler query
I/SurfaceFlinger(   53): EGL information:
I/SurfaceFlinger(   53): vendor    : Android
I/SurfaceFlinger(   53): version   : 1.4 Android META-EGL
I/SurfaceFlinger(   53): extensions: EGL_KHR_get_all_proc_addresses EGL_ANDROID_presentation_time EGL_KHR_image_base EGL_KHR_fence_sync EGL_ANDROID_image_native_buffer 
I/SurfaceFlinger(   53): Client API: OpenGL_ES
I/SurfaceFlinger(   53): EGLSurface: 8-8-8-8, config=0x1
I/SurfaceFlinger(   53): OpenGL ES informations:
I/SurfaceFlinger(   53): vendor    : Google (ATI Technologies Inc.)
I/SurfaceFlinger(   53): renderer  : Android Emulator OpenGL ES Translator (AMD Radeon HD 6750M)
I/SurfaceFlinger(   53): version   : OpenGL ES 2.0 (4.1.10428 Compatibility Profile Context)
I/SurfaceFlinger(   53): extensions: GL_EXT_debug_marker GL_OES_EGL_image GL_OES_EGL_image_external GL_OES_depth24 GL_OES_depth32 GL_OES_element_index_uint GL_OES_texture_float GL_OES_texture_float_linear GL_OES_compressed_paletted_texture GL_OES_compressed_ETC1_RGB8_texture GL_OES_depth_texture GL_OES_texture_half_float GL_OES_texture_half_float_linear GL_OES_packed_depth_stencil GL_OES_vertex_half_float GL_OES_texture_npot GL_OES_rgb8_rgba8
I/SurfaceFlinger(   53): GL_MAX_TEXTURE_SIZE = 16384
I/SurfaceFlinger(   53): GL_MAX_VIEWPORT_DIMS = 16384
D/SurfaceFlinger(   53): Set power mode=2, type=0 flinger=0xb6962000
I/mediaserver(   64): ServiceManager: 0xb60500c0
I/AudioFlinger(   64): Using default 3000 mSec as standby time.
I/ServiceManager(   64): Waiting for service batterystats...
D/SurfaceFlinger(   53): shader cache generated - 24 shaders in 1621.406006 ms
E/SurfaceFlinger(   53): ro.sf.lcd_density must be defined as a build property
D/libEGL  (  108): loaded /system/lib/egl/libEGL_emulation.so
D/libEGL  (  108): loaded /system/lib/egl/libGLESv1_CM_emulation.so
D/AndroidRuntime(   67): 
D/AndroidRuntime(   67): >>>>>> AndroidRuntime START com.android.internal.os.ZygoteInit <<<<<<
I/ServiceManager(   64): Waiting for service batterystats...
D/libEGL  (  108): loaded /system/lib/egl/libGLESv2_emulation.so
D/AndroidRuntime(   67): CheckJNI is ON
I/art     (   67): option[0]=-Xzygote
I/art     (   67): option[1]=-Xcheck:jni
I/art     (   67): option[2]=-Xjnigreflimit:2000
I/art     (   67): option[3]=-Xstacktracefile:/data/anr/traces.txt
I/art     (   67): option[4]=exit
I/art     (   67): option[5]=vfprintf
I/art     (   67): option[6]=sensitiveThread
I/art     (   67): option[7]=-verbose:gc
I/art     (   67): option[8]=-Xms4m
I/art     (   67): option[9]=-Xmx48m
I/art     (   67): option[10]=-XX:mainThreadStackSize=24K
I/art     (   67): option[11]=-XX:LowMemoryMode
I/art     (   67): option[12]=-agentlib:jdwp=transport=dt_android_adb,suspend=n,server=y
I/art     (   67): option[13]=-Ximage-compiler-option
I/art     (   67): option[14]=--runtime-arg
I/art     (   67): option[15]=-Ximage-compiler-option
I/art     (   67): option[16]=-Xms64m
I/art     (   67): option[17]=-Ximage-compiler-option
I/art     (   67): option[18]=--runtime-arg
I/art     (   67): option[19]=-Ximage-compiler-option
I/art     (   67): option[20]=-Xmx64m
I/art     (   67): option[21]=-Ximage-compiler-option
I/art     (   67): option[22]=--image-classes-zip=/system/framework/framework.jar
I/art     (   67): option[23]=-Ximage-compiler-option
I/art     (   67): option[24]=--image-classes=preloaded-classes
I/art     (   67): option[25]=-Xcompiler-option
I/art     (   67): option[26]=--runtime-arg
I/art     (   67): option[27]=-Xcompiler-option
I/art     (   67): option[28]=-Xms64m
I/art     (   67): option[29]=-Xcompiler-option
I/art     (   67): option[30]=--runtime-arg
I/art     (   67): option[31]=-Xcompiler-option
I/art     (   67): option[32]=-Xmx512m
I/art     (   67): option[33]=-Duser.language=en
I/art     (   67): option[34]=-Duser.region=US
D/        (  108): HostConnection::get() New Host Connection established 0xb641b6e0, tid 117
D/        (   53): HostConnection::get() New Host Connection established 0xb691b6e0, tid 88
I/ServiceManager(   64): Waiting for service batterystats...
D/        (   53): HostConnection::get() New Host Connection established 0xb5902550, tid 120
I/ServiceManager(   64): Waiting for service batterystats...
I/ServiceManager(   64): Waiting for service batterystats...
I/CameraService(   64): CameraService started (pid=64)
D/EmulatedCamera_QemuClient(   64): Emulated camera list: 
I/CameraService(   64): Loaded "Emulated Camera Module" camera module
I/AudioPolicyService(   64): AudioPolicyService CSTOR in new mode
I/AudioPolicyManager(   64): loadAudioPolicyConfig() loaded /system/etc/audio_policy.conf
I/AudioFlinger(   64): loadHwModule() Loaded primary audio interface from Generic audio HW HAL (audio) handle 1
E/memtrack(   67): Couldn't load memtrack module (No such file or directory)
E/android.os.Debug(   67): failed to load memtrack module: -2
I/AudioFlinger(   64): HAL output buffer size 1024 frames, normal sink buffer size 1024 frames
I/AudioMixer(   64): found effect "Multichannel Downmix To Stereo" from The Android Open Source Project
I/AudioFlinger(   64): Using module 1 has the primary audio interface
I/AudioFlinger(   64): AudioFlinger's thread 0xb60ba000 ready to run
W/AudioFlinger(   64): Thread AudioOut_2 cannot connect to the power manager service
W/AudioFlinger(   64): Thread AudioOut_2 cannot connect to the power manager service
W/AudioFlinger(   64): Thread AudioOut_2 cannot connect to the power manager service
E/AudioFlinger(   64): no wake lock to update!
E/audio_hw_generic(   64): Error opening input stream format 1, channel_mask 0010, sample_rate 16000
I/AudioFlinger(   64): AudioFlinger's thread 0xb5926000 ready to run
E/AudioFlinger(   64): int android::load_audio_interface(const char*, audio_hw_device_t**) couldn't load audio hw module audio.r_submix (No such file or directory)
I/AudioFlinger(   64): loadHwModule() error -2 loading module r_submix 
W/AudioPolicyManager(   64): could not open HW module r_submix
W/AudioPolicyManager(   64): Input device 80000100 unreachable
E/SoundTriggerHwService(   64): couldn't load sound trigger module sound_trigger.primary (No such file or directory)
I/SamplingProfilerIntegration(   67): Profiling disabled.
D/Zygote  (   67): begin preload
I/Zygote  (   67): Preloading classes...
I/art     (   67): Explicit concurrent mark sweep GC freed 994(55KB) AllocSpace objects, 0(0B) LOS objects, 87% free, 69KB/581KB, paused 2.140ms total 215.585ms
I/art     (   67): Counter: 1
I/art     (   67): Explicit concurrent mark sweep GC freed 521(32KB) AllocSpace objects, 0(0B) LOS objects, 85% free, 89KB/601KB, paused 2.105ms total 36.577ms
I/art     (   67): Explicit concurrent mark sweep GC freed 638(41KB) AllocSpace objects, 0(0B) LOS objects, 84% free, 97KB/609KB, paused 893us total 57.791ms
I/art     (   67): Explicit concurrent mark sweep GC freed 397(25KB) AllocSpace objects, 0(0B) LOS objects, 80% free, 121KB/633KB, paused 909us total 40.604ms
E/Minikin (   67): addFont failed to create font /system/fonts/NotoSansGujarati-Regular.ttf
E/Minikin (   67): addFont failed to create font /system/fonts/NotoSansGujarati-Bold.ttf
E/Minikin (   67): addFont failed to create font /system/fonts/NotoSansGujaratiUI-Regular.ttf
E/Minikin (   67): addFont failed to create font /system/fonts/NotoSansGujaratiUI-Bold.ttf
E/Minikin (   67): addFont failed to create font /system/fonts/NotoSansGurmukhi-Regular.ttf
E/Minikin (   67): addFont failed to create font /system/fonts/NotoSansGurmukhi-Bold.ttf
E/Minikin (   67): addFont failed to create font /system/fonts/NotoSansGurmukhiUI-Regular.ttf
E/Minikin (   67): addFont failed to create font /system/fonts/NotoSansGurmukhiUI-Bold.ttf
E/Minikin (   67): addFont failed to create font /system/fonts/NotoSansSinhala-Regular.ttf
E/Minikin (   67): addFont failed to create font /system/fonts/NotoSansSinhala-Bold.ttf
E/Minikin (   67): addFont failed to create font /system/fonts/NotoSansCherokee-Regular.ttf
E/Minikin (   67): addFont failed to create font /system/fonts/NotoSansCanadianAboriginal-Regular.ttf
E/Minikin (   67): addFont failed to create font /system/fonts/NotoSansYi-Regular.ttf
E/Minikin (   67): addFont failed to create font /system/fonts/NotoSansHans-Regular.otf
E/Minikin (   67): addFont failed to create font /system/fonts/NotoSansHant-Regular.otf
E/Minikin (   67): addFont failed to create font /system/fonts/NotoSansJP-Regular.otf
E/Minikin (   67): addFont failed to create font /system/fonts/NotoSansKR-Regular.otf
I/art     (   67): Explicit concurrent mark sweep GC freed 1473(107KB) AllocSpace objects, 0(0B) LOS objects, 79% free, 130KB/642KB, paused 858us total 45.970ms
I/art     (   67): Explicit concurrent mark sweep GC freed 1940(93KB) AllocSpace objects, 0(0B) LOS objects, 74% free, 175KB/687KB, paused 1.598ms total 157.298ms
I/art     (   67): Explicit concurrent mark sweep GC freed 1982(88KB) AllocSpace objects, 0(0B) LOS objects, 70% free, 211KB/723KB, paused 887us total 123.719ms
I/art     (   67): Explicit concurrent mark sweep GC freed 410(29KB) AllocSpace objects, 0(0B) LOS objects, 67% free, 247KB/759KB, paused 1.106ms total 183.776ms
I/art     (   67): Thread[1,tid=67,WaitingForJniOnLoad,Thread*=0xb5007800,peer=0x12c33140,"main"] recursive attempt to load library "/system/lib/libmedia_jni.so"
D/MtpDeviceJNI(   67): register_android_mtp_MtpDevice
I/art     (   67): Thread[1,tid=67,WaitingForJniOnLoad,Thread*=0xb5007800,peer=0x12c33140,"main"] recursive attempt to load library "/system/lib/libmedia_jni.so"
I/art     (   67): Thread[1,tid=67,WaitingForJniOnLoad,Thread*=0xb5007800,peer=0x12c33140,"main"] recursive attempt to load library "/system/lib/libmedia_jni.so"
I/art     (   67): Explicit concurrent mark sweep GC freed 670(38KB) AllocSpace objects, 0(0B) LOS objects, 66% free, 258KB/770KB, paused 1.107ms total 103.762ms
I/art     (   67): Explicit concurrent mark sweep GC freed 520(26KB) AllocSpace objects, 0(0B) LOS objects, 64% free, 286KB/798KB, paused 887us total 95.982ms
I/art     (   67): Explicit concurrent mark sweep GC freed 544(31KB) AllocSpace objects, 0(0B) LOS objects, 61% free, 313KB/825KB, paused 924us total 134.717ms
I/art     (   67): Explicit concurrent mark sweep GC freed 1858(109KB) AllocSpace objects, 0(0B) LOS objects, 51% free, 479KB/991KB, paused 935us total 45.301ms
E/EmojiFactory_jni(   67): Failed to load libemoji.so: dlopen failed: library "libemoji.so" not found
I/art     (   67): Explicit concurrent mark sweep GC freed 361(46KB) AllocSpace objects, 0(0B) LOS objects, 39% free, 777KB/1289KB, paused 958us total 189.031ms
I/art     (   67): Explicit concurrent mark sweep GC freed 440(30KB) AllocSpace objects, 0(0B) LOS objects, 39% free, 796KB/1308KB, paused 973us total 165.947ms
I/art     (   67): Explicit concurrent mark sweep GC freed 787(49KB) AllocSpace objects, 0(0B) LOS objects, 39% free, 797KB/1309KB, paused 915us total 101.763ms
I/art     (   67): Explicit concurrent mark sweep GC freed 875(101KB) AllocSpace objects, 0(0B) LOS objects, 38% free, 825KB/1337KB, paused 968us total 111.666ms
I/art     (   67): Explicit concurrent mark sweep GC freed 623(44KB) AllocSpace objects, 0(0B) LOS objects, 38% free, 830KB/1342KB, paused 4.859ms total 94.070ms
I/art     (   67): Explicit concurrent mark sweep GC freed 259(20KB) AllocSpace objects, 0(0B) LOS objects, 37% free, 858KB/1370KB, paused 1.222ms total 105.722ms
I/art     (   67): Background sticky concurrent mark sweep GC freed 4778(262KB) AllocSpace objects, 0(0B) LOS objects, 20% free, 1083KB/1370KB, paused 3.242ms total 125.239ms
I/art     (   67): WaitForGcToComplete blocked for 44.162ms for cause Explicit
I/art     (   67): Explicit concurrent mark sweep GC freed 635(37KB) AllocSpace objects, 0(0B) LOS objects, 29% free, 1242KB/1754KB, paused 40.170ms total 111.312ms
I/art     (   67): Explicit concurrent mark sweep GC freed 586(34KB) AllocSpace objects, 0(0B) LOS objects, 28% free, 1257KB/1769KB, paused 766us total 56.481ms
I/art     (   67): Explicit concurrent mark sweep GC freed 744(44KB) AllocSpace objects, 0(0B) LOS objects, 28% free, 1262KB/1774KB, paused 11.301ms total 61.399ms
V/NatController(   60): runCmd(/system/bin/iptables -F natctrl_FORWARD) res=0
I/System  (   67): Loaded time zone names for "" in 1050ms (984ms in ICU)
V/NatController(   60): runCmd(/system/bin/iptables -A natctrl_FORWARD -j DROP) res=0
V/NatController(   60): runCmd(/system/bin/iptables -t nat -F natctrl_nat_POSTROUTING) res=0
V/NatController(   60): runCmd(/system/bin/iptables -F natctrl_tether_counters) res=1
V/NatController(   60): runCmd(/system/bin/iptables -X natctrl_tether_counters) res=1
V/NatController(   60): runCmd(/system/bin/iptables -N natctrl_tether_counters) res=0
V/NatController(   60): runCmd(/system/bin/iptables -t mangle -A natctrl_mangle_FORWARD -p tcp --tcp-flags SYN SYN -j TCPMSS --clamp-mss-to-pmtu) res=1
I/System  (   67): Loaded time zone names for "en_US" in 1050ms (950ms in ICU)
I/art     (   67): Explicit concurrent mark sweep GC freed 2400(181KB) AllocSpace objects, 0(0B) LOS objects, 26% free, 1420KB/1932KB, paused 940us total 142.840ms
I/art     (   67): Explicit concurrent mark sweep GC freed 136(12KB) AllocSpace objects, 0(0B) LOS objects, 25% free, 1485KB/1997KB, paused 1.014ms total 186.785ms
I/art     (   67): Explicit concurrent mark sweep GC freed 289(24KB) AllocSpace objects, 0(0B) LOS objects, 24% free, 1537KB/2MB, paused 21.195ms total 102.641ms
I/art     (   67): Explicit concurrent mark sweep GC freed 678(47KB) AllocSpace objects, 0(0B) LOS objects, 24% free, 1539KB/2MB, paused 1.231ms total 106.472ms
I/Zygote  (   67): ...preloaded 3005 classes in 19047ms.
I/art     (   67): VMRuntime.preloadDexCaches starting
I/art     (   67): VMRuntime.preloadDexCaches strings total=212689 before=38238 after=38238
I/art     (   67): VMRuntime.preloadDexCaches types total=18456 before=6381 after=6412
I/art     (   67): VMRuntime.preloadDexCaches fields total=84666 before=32064 after=32389
I/art     (   67): VMRuntime.preloadDexCaches methods total=150546 before=66304 after=67182
I/art     (   67): VMRuntime.preloadDexCaches finished
I/art     (   67): Counter: 0
I/art     (   67): Counter: 1
I/art     (   67): Explicit concurrent mark sweep GC freed 71(16KB) AllocSpace objects, 0(0B) LOS objects, 50% free, 1524KB/2MB, paused 1.071ms total 190.656ms
D/idmap   (  330): error: no read access to /vendor/overlay: No such file or directory
I/Zygote  (   67): Preloading resources...
W/Resources(   67): Preloaded drawable resource #0x1080096 (android:drawable/toast_frame) that varies with configuration!!
W/Resources(   67): Preloaded drawable resource #0x1080111 (android:drawable/btn_check_on_pressed_holo_light) that varies with configuration!!
W/Resources(   67): Preloaded drawable resource #0x1080110 (android:drawable/btn_check_on_pressed_holo_dark) that varies with configuration!!
W/Resources(   67): Preloaded drawable resource #0x108010d (android:drawable/btn_check_on_holo_light) that varies with configuration!!
W/Resources(   67): Preloaded drawable resource #0x108010c (android:drawable/btn_check_on_holo_dark) that varies with configuration!!
W/Resources(   67): Preloaded drawable resource #0x108010a (android:drawable/btn_check_on_focused_holo_light) that varies with configuration!!
W/Resources(   67): Preloaded drawable resource #0x1080109 (android:drawable/btn_check_on_focused_holo_dark) that varies with configuration!!
W/Resources(   67): Preloaded drawable resource #0x1080108 (android:drawable/btn_check_on_disabled_holo_light) that varies with configuration!!
I/art     (   67): Explicit concurrent mark sweep GC freed 208(28KB) AllocSpace objects, 0(0B) LOS objects, 50% free, 1548KB/3MB, paused 975us total 137.169ms
W/Resources(   67): Preloaded drawable resource #0x1080107 (android:drawable/btn_check_on_disabled_holo_dark) that varies with configuration!!
W/Resources(   67): Preloaded drawable resource #0x1080106 (android:drawable/btn_check_on_disabled_focused_holo_light) that varies with configuration!!
W/Resources(   67): Preloaded drawable resource #0x1080105 (android:drawable/btn_check_on_disabled_focused_holo_dark) that varies with configuration!!
W/Resources(   67): Preloaded drawable resource #0x10800fd (android:drawable/btn_check_off_pressed_holo_light) that varies with configuration!!
W/Resources(   67): Preloaded drawable resource #0x10800fc (android:drawable/btn_check_off_pressed_holo_dark) that varies with configuration!!
W/Resources(   67): Preloaded drawable resource #0x10800f7 (android:drawable/btn_check_off_holo_light) that varies with configuration!!
W/Resources(   67): Preloaded drawable resource #0x10800f6 (android:drawable/btn_check_off_holo_dark) that varies with configuration!!
W/Resources(   67): Preloaded drawable resource #0x10800f4 (android:drawable/btn_check_off_focused_holo_light) that varies with configuration!!
W/Resources(   67): Preloaded drawable resource #0x10800f3 (android:drawable/btn_check_off_focused_holo_dark) that varies with configuration!!
W/Resources(   67): Preloaded drawable resource #0x10800f2 (android:drawable/btn_check_off_disabled_holo_light) that varies with configuration!!
W/Resources(   67): Preloaded drawable resource #0x10800f1 (android:drawable/btn_check_off_disabled_holo_dark) that varies with configuration!!
W/Resources(   67): Preloaded drawable resource #0x10800f0 (android:drawable/btn_check_off_disabled_focused_holo_light) that varies with configuration!!
W/art     (   67): Suspending all threads took: 10.582ms
I/art     (   67): Explicit concurrent mark sweep GC freed 313(51KB) AllocSpace objects, 0(0B) LOS objects, 50% free, 1546KB/3MB, paused 14.825ms total 169.367ms
W/Resources(   67): Preloaded drawable resource #0x10800ef (android:drawable/btn_check_off_disabled_focused_holo_dark) that varies with configuration!!
W/Resources(   67): Preloaded drawable resource #0x108010d (android:drawable/btn_check_on_holo_light) that varies with configuration!!
W/Resources(   67): Preloaded drawable resource #0x10800f7 (android:drawable/btn_check_off_holo_light) that varies with configuration!!
W/Resources(   67): Preloaded drawable resource #0x1080111 (android:drawable/btn_check_on_pressed_holo_light) that varies with configuration!!
W/Resources(   67): Preloaded drawable resource #0x10800fd (android:drawable/btn_check_off_pressed_holo_light) that varies with configuration!!
W/Resources(   67): Preloaded drawable resource #0x108010a (android:drawable/btn_check_on_focused_holo_light) that varies with configuration!!
W/Resources(   67): Preloaded drawable resource #0x10800f4 (android:drawable/btn_check_off_focused_holo_light) that varies with configuration!!
W/Resources(   67): Preloaded drawable resource #0x10800f7 (android:drawable/btn_check_off_holo_light) that varies with configuration!!
W/Resources(   67): Preloaded drawable resource #0x108010d (android:drawable/btn_check_on_holo_light) that varies with configuration!!
W/Resources(   67): Preloaded drawable resource #0x1080108 (android:drawable/btn_check_on_disabled_holo_light) that varies with configuration!!
W/Resources(   67): Preloaded drawable resource #0x10800f2 (android:drawable/btn_check_off_disabled_holo_light) that varies with configuration!!
W/Resources(   67): Preloaded drawable resource #0x1080106 (android:drawable/btn_check_on_disabled_focused_holo_light) that varies with configuration!!
W/Resources(   67): Preloaded drawable resource #0x10800f0 (android:drawable/btn_check_off_disabled_focused_holo_light) that varies with configuration!!
W/Resources(   67): Preloaded drawable resource #0x10800f2 (android:drawable/btn_check_off_disabled_holo_light) that varies with configuration!!
W/Resources(   67): Preloaded drawable resource #0x1080108 (android:drawable/btn_check_on_disabled_holo_light) that varies with configuration!!
W/Resources(   67): Preloaded drawable resource #0x10800e5 (android:drawable/btn_check_holo_light) that varies with configuration!!
I/art     (   67): Explicit concurrent mark sweep GC freed 455(61KB) AllocSpace objects, 0(0B) LOS objects, 50% free, 1548KB/3MB, paused 886us total 105.957ms
W/Resources(   67): Preloaded drawable resource #0x108010c (android:drawable/btn_check_on_holo_dark) that varies with configuration!!
W/Resources(   67): Preloaded drawable resource #0x10800f6 (android:drawable/btn_check_off_holo_dark) that varies with configuration!!
W/Resources(   67): Preloaded drawable resource #0x1080110 (android:drawable/btn_check_on_pressed_holo_dark) that varies with configuration!!
W/Resources(   67): Preloaded drawable resource #0x10800fc (android:drawable/btn_check_off_pressed_holo_dark) that varies with configuration!!
W/Resources(   67): Preloaded drawable resource #0x1080109 (android:drawable/btn_check_on_focused_holo_dark) that varies with configuration!!
W/Resources(   67): Preloaded drawable resource #0x10800f3 (android:drawable/btn_check_off_focused_holo_dark) that varies with configuration!!
W/Resources(   67): Preloaded drawable resource #0x10800f6 (android:drawable/btn_check_off_holo_dark) that varies with configuration!!
W/Resources(   67): Preloaded drawable resource #0x108010c (android:drawable/btn_check_on_holo_dark) that varies with configuration!!
W/Resources(   67): Preloaded drawable resource #0x1080107 (android:drawable/btn_check_on_disabled_holo_dark) that varies with configuration!!
W/Resources(   67): Preloaded drawable resource #0x10800f1 (android:drawable/btn_check_off_disabled_holo_dark) that varies with configuration!!
W/Resources(   67): Preloaded drawable resource #0x1080105 (android:drawable/btn_check_on_disabled_focused_holo_dark) that varies with configuration!!
W/Resources(   67): Preloaded drawable resource #0x10800ef (android:drawable/btn_check_off_disabled_focused_holo_dark) that varies with configuration!!
W/Resources(   67): Preloaded drawable resource #0x10800f1 (android:drawable/btn_check_off_disabled_holo_dark) that varies with configuration!!
W/Resources(   67): Preloaded drawable resource #0x1080107 (android:drawable/btn_check_on_disabled_holo_dark) that varies with configuration!!
W/Resources(   67): Preloaded drawable resource #0x10800e4 (android:drawable/btn_check_holo_dark) that varies with configuration!!
I/art     (   67): Explicit concurrent mark sweep GC freed 456(58KB) AllocSpace objects, 0(0B) LOS objects, 50% free, 1548KB/3MB, paused 1.001ms total 97.467ms
W/Resources(   67): Preloaded drawable resource #0x10801c3 (android:drawable/btn_radio_on_pressed_holo_light) that varies with configuration!!
W/Resources(   67): Preloaded drawable resource #0x10801c2 (android:drawable/btn_radio_on_pressed_holo_dark) that varies with configuration!!
W/Resources(   67): Preloaded drawable resource #0x10801bf (android:drawable/btn_radio_on_holo_light) that varies with configuration!!
W/Resources(   67): Preloaded drawable resource #0x10801be (android:drawable/btn_radio_on_holo_dark) that varies with configuration!!
W/Resources(   67): Preloaded drawable resource #0x10801bc (android:drawable/btn_radio_on_focused_holo_light) that varies with configuration!!
W/Resources(   67): Preloaded drawable resource #0x10801bb (android:drawable/btn_radio_on_focused_holo_dark) that varies with configuration!!
W/Resources(   67): Preloaded drawable resource #0x10801ba (android:drawable/btn_radio_on_disabled_holo_light) that varies with configuration!!
W/Resources(   67): Preloaded drawable resource #0x10801b9 (android:drawable/btn_radio_on_disabled_holo_dark) that varies with configuration!!
W/Resources(   67): Preloaded drawable resource #0x10801b8 (android:drawable/btn_radio_on_disabled_focused_holo_light) that varies with configuration!!
W/Resources(   67): Preloaded drawable resource #0x10801b7 (android:drawable/btn_radio_on_disabled_focused_holo_dark) that varies with configuration!!
W/Resources(   67): Preloaded drawable resource #0x10801b3 (android:drawable/btn_radio_off_pressed_holo_light) that varies with configuration!!
W/Resources(   67): Preloaded drawable resource #0x10801b2 (android:drawable/btn_radio_off_pressed_holo_dark) that varies with configuration!!
I/art     (   67): Explicit concurrent mark sweep GC freed 347(48KB) AllocSpace objects, 0(0B) LOS objects, 50% free, 1549KB/3MB, paused 1.011ms total 144.329ms
W/Resources(   67): Preloaded drawable resource #0x10801af (android:drawable/btn_radio_off_holo_light) that varies with configuration!!
W/Resources(   67): Preloaded drawable resource #0x10801ae (android:drawable/btn_radio_off_holo_dark) that varies with configuration!!
W/Resources(   67): Preloaded drawable resource #0x10801ac (android:drawable/btn_radio_off_focused_holo_light) that varies with configuration!!
W/Resources(   67): Preloaded drawable resource #0x10801ab (android:drawable/btn_radio_off_focused_holo_dark) that varies with configuration!!
W/Resources(   67): Preloaded drawable resource #0x10801aa (android:drawable/btn_radio_off_disabled_holo_light) that varies with configuration!!
W/Resources(   67): Preloaded drawable resource #0x10801a9 (android:drawable/btn_radio_off_disabled_holo_dark) that varies with configuration!!
W/Resources(   67): Preloaded drawable resource #0x10801a8 (android:drawable/btn_radio_off_disabled_focused_holo_light) that varies with configuration!!
W/Resources(   67): Preloaded drawable resource #0x10801a7 (android:drawable/btn_radio_off_disabled_focused_holo_dark) that varies with configuration!!
W/Resources(   67): Preloaded drawable resource #0x1080152 (android:drawable/btn_default_pressed_holo_light) that varies with configuration!!
W/Resources(   67): Preloaded drawable resource #0x1080151 (android:drawable/btn_default_pressed_holo_dark) that varies with configuration!!
W/Resources(   67): Preloaded drawable resource #0x108014e (android:drawable/btn_default_normal_holo_light) that varies with configuration!!
W/Resources(   67): Preloaded drawable resource #0x108014d (android:drawable/btn_default_normal_holo_dark) that varies with configuration!!
W/Resources(   67): Preloaded drawable resource #0x1080144 (android:drawable/btn_default_focused_holo_light) that varies with configuration!!
I/art     (   67): Explicit concurrent mark sweep GC freed 345(39KB) AllocSpace objects, 0(0B) LOS objects, 50% free, 1562KB/3MB, paused 945us total 182.743ms
W/Resources(   67): Preloaded drawable resource #0x1080143 (android:drawable/btn_default_focused_holo_dark) that varies with configuration!!
W/Resources(   67): Preloaded drawable resource #0x1080141 (android:drawable/btn_default_disabled_holo_light) that varies with configuration!!
W/Resources(   67): Preloaded drawable resource #0x1080140 (android:drawable/btn_default_disabled_holo_dark) that varies with configuration!!
W/Resources(   67): Preloaded drawable resource #0x108013e (android:drawable/btn_default_disabled_focused_holo_light) that varies with configuration!!
W/Resources(   67): Preloaded drawable resource #0x108013d (android:drawable/btn_default_disabled_focused_holo_dark) that varies with configuration!!
W/Resources(   67): Preloaded drawable resource #0x108014d (android:drawable/btn_default_normal_holo_dark) that varies with configuration!!
W/Resources(   67): Preloaded drawable resource #0x1080140 (android:drawable/btn_default_disabled_holo_dark) that varies with configuration!!
W/Resources(   67): Preloaded drawable resource #0x1080151 (android:drawable/btn_default_pressed_holo_dark) that varies with configuration!!
W/Resources(   67): Preloaded drawable resource #0x1080143 (android:drawable/btn_default_focused_holo_dark) that varies with configuration!!
W/Resources(   67): Preloaded drawable resource #0x108014d (android:drawable/btn_default_normal_holo_dark) that varies with configuration!!
W/Resources(   67): Preloaded drawable resource #0x108013d (android:drawable/btn_default_disabled_focused_holo_dark) that varies with configuration!!
W/Resources(   67): Preloaded drawable resource #0x1080140 (android:drawable/btn_default_disabled_holo_dark) that varies with configuration!!
W/Resources(   67): Preloaded drawable resource #0x1080145 (android:drawable/btn_default_holo_dark) that varies with configuration!!
W/Resources(   67): Preloaded drawable resource #0x108014e (android:drawable/btn_default_normal_holo_light) that varies with configuration!!
W/Resources(   67): Preloaded drawable resource #0x1080141 (android:drawable/btn_default_disabled_holo_light) that varies with configuration!!
W/Resources(   67): Preloaded drawable resource #0x1080152 (android:drawable/btn_default_pressed_holo_light) that varies with configuration!!
W/Resources(   67): Preloaded drawable resource #0x1080144 (android:drawable/btn_default_focused_holo_light) that varies with configuration!!
W/Resources(   67): Preloaded drawable resource #0x108014e (android:drawable/btn_default_normal_holo_light) that varies with configuration!!
W/Resources(   67): Preloaded drawable resource #0x108013e (android:drawable/btn_default_disabled_focused_holo_light) that varies with configuration!!
W/Resources(   67): Preloaded drawable resource #0x1080141 (android:drawable/btn_default_disabled_holo_light) that varies with configuration!!
W/Resources(   67): Preloaded drawable resource #0x1080146 (android:drawable/btn_default_holo_light) that varies with configuration!!
I/art     (   67): Explicit concurrent mark sweep GC freed 573(44KB) AllocSpace objects, 0(0B) LOS objects, 50% free, 1595KB/3MB, paused 825us total 107.582ms
W/Resources(   67): Preloaded drawable resource #0x1080224 (android:drawable/btn_star_off_normal_holo_light) that varies with configuration!!
W/Resources(   67): Preloaded drawable resource #0x108022e (android:drawable/btn_star_on_normal_holo_light) that varies with configuration!!
W/Resources(   67): Preloaded drawable resource #0x108022a (android:drawable/btn_star_on_disabled_holo_light) that varies with configuration!!
W/Resources(   67): Preloaded drawable resource #0x1080220 (android:drawable/btn_star_off_disabled_holo_light) that varies with configuration!!
W/Resources(   67): Preloaded drawable resource #0x1080230 (android:drawable/btn_star_on_pressed_holo_light) that varies with configuration!!
W/Resources(   67): Preloaded drawable resource #0x1080226 (android:drawable/btn_star_off_pressed_holo_light) that varies with configuration!!
W/Resources(   67): Preloaded drawable resource #0x108022c (android:drawable/btn_star_on_focused_holo_light) that varies with configuration!!
W/Resources(   67): Preloaded drawable resource #0x1080222 (android:drawable/btn_star_off_focused_holo_light) that varies with configuration!!
W/Resources(   67): Preloaded drawable resource #0x1080228 (android:drawable/btn_star_on_disabled_focused_holo_light) that varies with configuration!!
W/Resources(   67): Preloaded drawable resource #0x108021e (android:drawable/btn_star_off_disabled_focused_holo_light) that varies with configuration!!
W/Resources(   67): Preloaded drawable resource #0x1080224 (android:drawable/btn_star_off_normal_holo_light) that varies with configuration!!
W/Resources(   67): Preloaded drawable resource #0x108022e (android:drawable/btn_star_on_normal_holo_light) that varies with configuration!!
W/Resources(   67): Preloaded drawable resource #0x108022a (android:drawable/btn_star_on_disabled_holo_light) that varies with configuration!!
W/Resources(   67): Preloaded drawable resource #0x1080220 (android:drawable/btn_star_off_disabled_holo_light) that varies with configuration!!
W/Resources(   67): Preloaded drawable resource #0x1080230 (android:drawable/btn_star_on_pressed_holo_light) that varies with configuration!!
W/Resources(   67): Preloaded drawable resource #0x1080226 (android:drawable/btn_star_off_pressed_holo_light) that varies with configuration!!
W/Resources(   67): Preloaded drawable resource #0x108022c (android:drawable/btn_star_on_focused_holo_light) that varies with configuration!!
W/Resources(   67): Preloaded drawable resource #0x1080222 (android:drawable/btn_star_off_focused_holo_light) that varies with configuration!!
W/Resources(   67): Preloaded drawable resource #0x1080228 (android:drawable/btn_star_on_disabled_focused_holo_light) that varies with configuration!!
W/Resources(   67): Preloaded drawable resource #0x108022a (android:drawable/btn_star_on_disabled_holo_light) that varies with configuration!!
W/Resources(   67): Preloaded drawable resource #0x108021e (android:drawable/btn_star_off_disabled_focused_holo_light) that varies with configuration!!
W/Resources(   67): Preloaded drawable resource #0x1080220 (android:drawable/btn_star_off_disabled_holo_light) that varies with configuration!!
W/Resources(   67): Preloaded drawable resource #0x1080224 (android:drawable/btn_star_off_normal_holo_light) that varies with configuration!!
W/Resources(   67): Preloaded drawable resource #0x108022e (android:drawable/btn_star_on_normal_holo_light) that varies with configuration!!
W/Resources(   67): Preloaded drawable resource #0x1080219 (android:drawable/btn_star_holo_light) that varies with configuration!!
I/art     (   67): Explicit concurrent mark sweep GC freed 810(137KB) AllocSpace objects, 0(0B) LOS objects, 50% free, 1559KB/3MB, paused 935us total 156.300ms
W/Resources(   67): Preloaded drawable resource #0x1080223 (android:drawable/btn_star_off_normal_holo_dark) that varies with configuration!!
W/Resources(   67): Preloaded drawable resource #0x108022d (android:drawable/btn_star_on_normal_holo_dark) that varies with configuration!!
W/Resources(   67): Preloaded drawable resource #0x1080229 (android:drawable/btn_star_on_disabled_holo_dark) that varies with configuration!!
W/Resources(   67): Preloaded drawable resource #0x108021f (android:drawable/btn_star_off_disabled_holo_dark) that varies with configuration!!
W/Resources(   67): Preloaded drawable resource #0x108022f (android:drawable/btn_star_on_pressed_holo_dark) that varies with configuration!!
W/Resources(   67): Preloaded drawable resource #0x1080225 (android:drawable/btn_star_off_pressed_holo_dark) that varies with configuration!!
W/Resources(   67): Preloaded drawable resource #0x108022b (android:drawable/btn_star_on_focused_holo_dark) that varies with configuration!!
W/Resources(   67): Preloaded drawable resource #0x1080221 (android:drawable/btn_star_off_focused_holo_dark) that varies with configuration!!
W/Resources(   67): Preloaded drawable resource #0x1080227 (android:drawable/btn_star_on_disabled_focused_holo_dark) that varies with configuration!!
W/Resources(   67): Preloaded drawable resource #0x108021d (android:drawable/btn_star_off_disabled_focused_holo_dark) that varies with configuration!!
W/Resources(   67): Preloaded drawable resource #0x1080223 (android:drawable/btn_star_off_normal_holo_dark) that varies with configuration!!
W/Resources(   67): Preloaded drawable resource #0x108022d (android:drawable/btn_star_on_normal_holo_dark) that varies with configuration!!
W/Resources(   67): Preloaded drawable resource #0x1080229 (android:drawable/btn_star_on_disabled_holo_dark) that varies with configuration!!
W/Resources(   67): Preloaded drawable resource #0x108021f (android:drawable/btn_star_off_disabled_holo_dark) that varies with configuration!!
W/Resources(   67): Preloaded drawable resource #0x108022f (android:drawable/btn_star_on_pressed_holo_dark) that varies with configuration!!
W/Resources(   67): Preloaded drawable resource #0x1080225 (android:drawable/btn_star_off_pressed_holo_dark) that varies with configuration!!
W/Resources(   67): Preloaded drawable resource #0x108022b (android:drawable/btn_star_on_focused_holo_dark) that varies with configuration!!
W/Resources(   67): Preloaded drawable resource #0x1080221 (android:drawable/btn_star_off_focused_holo_dark) that varies with configuration!!
W/Resources(   67): Preloaded drawable resource #0x1080227 (android:drawable/btn_star_on_disabled_focused_holo_dark) that varies with configuration!!
W/Resources(   67): Preloaded drawable resource #0x1080229 (android:drawable/btn_star_on_disabled_holo_dark) that varies with configuration!!
W/Resources(   67): Preloaded drawable resource #0x108021d (android:drawable/btn_star_off_disabled_focused_holo_dark) that varies with configuration!!
W/Resources(   67): Preloaded drawable resource #0x108021f (android:drawable/btn_star_off_disabled_holo_dark) that varies with configuration!!
W/Resources(   67): Preloaded drawable resource #0x1080223 (android:drawable/btn_star_off_normal_holo_dark) that varies with configuration!!
W/Resources(   67): Preloaded drawable resource #0x108022d (android:drawable/btn_star_on_normal_holo_dark) that varies with configuration!!
W/Resources(   67): Preloaded drawable resource #0x1080218 (android:drawable/btn_star_holo_dark) that varies with configuration!!
I/art     (   67): Explicit concurrent mark sweep GC freed 729(98KB) AllocSpace objects, 0(0B) LOS objects, 50% free, 1561KB/3MB, paused 982us total 82.074ms
W/Resources(   67): Preloaded drawable resource #0x1080264 (android:drawable/btn_toggle_on_pressed_holo_light) that varies with configuration!!
W/Resources(   67): Preloaded drawable resource #0x1080263 (android:drawable/btn_toggle_on_pressed_holo_dark) that varies with configuration!!
W/Resources(   67): Preloaded drawable resource #0x1080262 (android:drawable/btn_toggle_on_normal_holo_light) that varies with configuration!!
W/Resources(   67): Preloaded drawable resource #0x1080261 (android:drawable/btn_toggle_on_normal_holo_dark) that varies with configuration!!
W/Resources(   67): Preloaded drawable resource #0x1080260 (android:drawable/btn_toggle_on_focused_holo_light) that varies with configuration!!
W/Resources(   67): Preloaded drawable resource #0x108025f (android:drawable/btn_toggle_on_focused_holo_dark) that varies with configuration!!
W/Resources(   67): Preloaded drawable resource #0x108025e (android:drawable/btn_toggle_on_disabled_holo_light) that varies with configuration!!
W/Resources(   67): Preloaded drawable resource #0x108025d (android:drawable/btn_toggle_on_disabled_holo_dark) that varies with configuration!!
W/Resources(   67): Preloaded drawable resource #0x108025c (android:drawable/btn_toggle_on_disabled_focused_holo_light) that varies with configuration!!
W/Resources(   67): Preloaded drawable resource #0x108025b (android:drawable/btn_toggle_on_disabled_focused_holo_dark) that varies with configuration!!
W/Resources(   67): Preloaded drawable resource #0x1080259 (android:drawable/btn_toggle_off_pressed_holo_light) that varies with configuration!!
W/Resources(   67): Preloaded drawable resource #0x1080258 (android:drawable/btn_toggle_off_pressed_holo_dark) that varies with configuration!!
W/Resources(   67): Preloaded drawable resource #0x1080257 (android:drawable/btn_toggle_off_normal_holo_light) that varies with configuration!!
I/art     (   67): Explicit concurrent mark sweep GC freed 422(25KB) AllocSpace objects, 0(0B) LOS objects, 50% free, 1588KB/3MB, paused 855us total 59.641ms
W/Resources(   67): Preloaded drawable resource #0x1080256 (android:drawable/btn_toggle_off_normal_holo_dark) that varies with configuration!!
W/Resources(   67): Preloaded drawable resource #0x1080255 (android:drawable/btn_toggle_off_focused_holo_light) that varies with configuration!!
W/Resources(   67): Preloaded drawable resource #0x1080254 (android:drawable/btn_toggle_off_focused_holo_dark) that varies with configuration!!
W/Resources(   67): Preloaded drawable resource #0x1080253 (android:drawable/btn_toggle_off_disabled_holo_light) that varies with configuration!!
W/Resources(   67): Preloaded drawable resource #0x1080252 (android:drawable/btn_toggle_off_disabled_holo_dark) that varies with configuration!!
W/Resources(   67): Preloaded drawable resource #0x1080251 (android:drawable/btn_toggle_off_disabled_focused_holo_light) that varies with configuration!!
W/Resources(   67): Preloaded drawable resource #0x1080250 (android:drawable/btn_toggle_off_disabled_focused_holo_dark) that varies with configuration!!
W/Resources(   67): Preloaded drawable resource #0x1080262 (android:drawable/btn_toggle_on_normal_holo_light) that varies with configuration!!
W/Resources(   67): Preloaded drawable resource #0x108025e (android:drawable/btn_toggle_on_disabled_holo_light) that varies with configuration!!
W/Resources(   67): Preloaded drawable resource #0x1080264 (android:drawable/btn_toggle_on_pressed_holo_light) that varies with configuration!!
W/Resources(   67): Preloaded drawable resource #0x1080260 (android:drawable/btn_toggle_on_focused_holo_light) that varies with configuration!!
W/Resources(   67): Preloaded drawable resource #0x1080262 (android:drawable/btn_toggle_on_normal_holo_light) that varies with configuration!!
W/Resources(   67): Preloaded drawable resource #0x108025c (android:drawable/btn_toggle_on_disabled_focused_holo_light) that varies with configuration!!
W/Resources(   67): Preloaded drawable resource #0x108025e (android:drawable/btn_toggle_on_disabled_holo_light) that varies with configuration!!
W/Resources(   67): Preloaded drawable resource #0x1080257 (android:drawable/btn_toggle_off_normal_holo_light) that varies with configuration!!
W/Resources(   67): Preloaded drawable resource #0x1080253 (android:drawable/btn_toggle_off_disabled_holo_light) that varies with configuration!!
W/Resources(   67): Preloaded drawable resource #0x1080259 (android:drawable/btn_toggle_off_pressed_holo_light) that varies with configuration!!
W/Resources(   67): Preloaded drawable resource #0x1080255 (android:drawable/btn_toggle_off_focused_holo_light) that varies with configuration!!
W/Resources(   67): Preloaded drawable resource #0x1080257 (android:drawable/btn_toggle_off_normal_holo_light) that varies with configuration!!
W/Resources(   67): Preloaded drawable resource #0x1080251 (android:drawable/btn_toggle_off_disabled_focused_holo_light) that varies with configuration!!
W/Resources(   67): Preloaded drawable resource #0x1080253 (android:drawable/btn_toggle_off_disabled_holo_light) that varies with configuration!!
W/Resources(   67): Preloaded drawable resource #0x108024c (android:drawable/btn_toggle_holo_light) that varies with configuration!!
I/art     (   67): Explicit concurrent mark sweep GC freed 644(63KB) AllocSpace objects, 0(0B) LOS objects, 50% free, 1609KB/3MB, paused 853us total 91.487ms
W/Resources(   67): Preloaded drawable resource #0x1080261 (android:drawable/btn_toggle_on_normal_holo_dark) that varies with configuration!!
W/Resources(   67): Preloaded drawable resource #0x108025d (android:drawable/btn_toggle_on_disabled_holo_dark) that varies with configuration!!
W/Resources(   67): Preloaded drawable resource #0x1080263 (android:drawable/btn_toggle_on_pressed_holo_dark) that varies with configuration!!
W/Resources(   67): Preloaded drawable resource #0x108025f (android:drawable/btn_toggle_on_focused_holo_dark) that varies with configuration!!
W/Resources(   67): Preloaded drawable resource #0x1080261 (android:drawable/btn_toggle_on_normal_holo_dark) that varies with configuration!!
W/Resources(   67): Preloaded drawable resource #0x108025b (android:drawable/btn_toggle_on_disabled_focused_holo_dark) that varies with configuration!!
W/Resources(   67): Preloaded drawable resource #0x108025d (android:drawable/btn_toggle_on_disabled_holo_dark) that varies with configuration!!
W/Resources(   67): Preloaded drawable resource #0x1080256 (android:drawable/btn_toggle_off_normal_holo_dark) that varies with configuration!!
W/Resources(   67): Preloaded drawable resource #0x1080252 (android:drawable/btn_toggle_off_disabled_holo_dark) that varies with configuration!!
W/Resources(   67): Preloaded drawable resource #0x1080258 (android:drawable/btn_toggle_off_pressed_holo_dark) that varies with configuration!!
W/Resources(   67): Preloaded drawable resource #0x1080254 (android:drawable/btn_toggle_off_focused_holo_dark) that varies with configuration!!
W/Resources(   67): Preloaded drawable resource #0x1080256 (android:drawable/btn_toggle_off_normal_holo_dark) that varies with configuration!!
W/Resources(   67): Preloaded drawable resource #0x1080250 (android:drawable/btn_toggle_off_disabled_focused_holo_dark) that varies with configuration!!
W/Resources(   67): Preloaded drawable resource #0x1080252 (android:drawable/btn_toggle_off_disabled_holo_dark) that varies with configuration!!
W/Resources(   67): Preloaded drawable resource #0x108024b (android:drawable/btn_toggle_holo_dark) that varies with configuration!!
I/art     (   67): Explicit concurrent mark sweep GC freed 613(74KB) AllocSpace objects, 0(0B) LOS objects, 50% free, 1592KB/3MB, paused 896us total 108.090ms
W/Resources(   67): Preloaded drawable resource #0x1080726 (android:drawable/textfield_multiline_default_holo_light) that varies with configuration!!
W/Resources(   67): Preloaded drawable resource #0x108072a (android:drawable/textfield_multiline_disabled_holo_light) that varies with configuration!!
W/Resources(   67): Preloaded drawable resource #0x1080724 (android:drawable/textfield_multiline_activated_holo_light) that varies with configuration!!
W/Resources(   67): Preloaded drawable resource #0x108072c (android:drawable/textfield_multiline_focused_holo_light) that varies with configuration!!
W/Resources(   67): Preloaded drawable resource #0x1080726 (android:drawable/textfield_multiline_default_holo_light) that varies with configuration!!
W/Resources(   67): Preloaded drawable resource #0x1080728 (android:drawable/textfield_multiline_disabled_focused_holo_light) that varies with configuration!!
W/Resources(   67): Preloaded drawable resource #0x108072a (android:drawable/textfield_multiline_disabled_holo_light) that varies with configuration!!
W/Resources(   67): Preloaded drawable resource #0x1080718 (android:drawable/textfield_default_holo_light) that varies with configuration!!
W/Resources(   67): Preloaded drawable resource #0x108071e (android:drawable/textfield_disabled_holo_light) that varies with configuration!!
W/Resources(   67): Preloaded drawable resource #0x108070f (android:drawable/textfield_activated_holo_light) that varies with configuration!!
W/Resources(   67): Preloaded drawable resource #0x1080721 (android:drawable/textfield_focused_holo_light) that varies with configuration!!
W/Resources(   67): Preloaded drawable resource #0x1080718 (android:drawable/textfield_default_holo_light) that varies with configuration!!
W/Resources(   67): Preloaded drawable resource #0x108071c (android:drawable/textfield_disabled_focused_holo_light) that varies with configuration!!
W/Resources(   67): Preloaded drawable resource #0x108071e (android:drawable/textfield_disabled_holo_light) that varies with configuration!!
W/Resources(   67): Preloaded drawable resource #0x10802cc (android:drawable/edit_text_holo_light) that varies with configuration!!
I/art     (   67): Explicit concurrent mark sweep GC freed 528(57KB) AllocSpace objects, 0(0B) LOS objects, 50% free, 1593KB/3MB, paused 1.016ms total 141.586ms
W/Resources(   67): Preloaded drawable resource #0x1080725 (android:drawable/textfield_multiline_default_holo_dark) that varies with configuration!!
W/Resources(   67): Preloaded drawable resource #0x1080729 (android:drawable/textfield_multiline_disabled_holo_dark) that varies with configuration!!
W/Resources(   67): Preloaded drawable resource #0x1080723 (android:drawable/textfield_multiline_activated_holo_dark) that varies with configuration!!
W/Resources(   67): Preloaded drawable resource #0x108072b (android:drawable/textfield_multiline_focused_holo_dark) that varies with configuration!!
