I/Choreographer( 1164): Skipped 93 frames!  The application may be doing too much work on its main thread.
I/StatusBarManagerService(  424): registerStatusBar bar=com.android.internal.statusbar.IStatusBar$Stub$Proxy@1220ff29
D/AndroidRuntime( 1226): 
D/AndroidRuntime( 1226): >>>>>> AndroidRuntime START com.android.internal.os.RuntimeInit <<<<<<
D/AndroidRuntime( 1226): CheckJNI is ON
I/art     ( 1164): Background sticky concurrent mark sweep GC freed 2268(212KB) AllocSpace objects, 0(0B) LOS objects, 17% free, 1279KB/1551KB, paused 3.026ms total 158.105ms
I/art     ( 1164): Background sticky concurrent mark sweep GC freed 1098(85KB) AllocSpace objects, 0(0B) LOS objects, 9% free, 1400KB/1551KB, paused 2.084ms total 454.068ms
I/art     ( 1164): Background sticky concurrent mark sweep GC freed 23(3KB) AllocSpace objects, 0(0B) LOS objects, 8% free, 1415KB/1551KB, paused 5.870ms total 61.597ms
E/memtrack( 1226): Couldn't load memtrack module (No such file or directory)
E/android.os.Debug( 1226): failed to load memtrack module: -2
I/art     ( 1164): Background partial concurrent mark sweep GC freed 680(106KB) AllocSpace objects, 0(0B) LOS objects, 27% free, 1373KB/1885KB, paused 1.748ms total 204.366ms
D/AndroidRuntime( 1226): Calling main entry com.android.commands.input.Input
I/Input   ( 1226): injectKeyEvent: KeyEvent { action=ACTION_DOWN, keyCode=KEYCODE_MENU, scanCode=0, metaState=0, flags=0x0, repeatCount=0, eventTime=165717, downTime=165717, deviceId=-1, source=0x101 }
I/Input   ( 1226): injectKeyEvent: KeyEvent { action=ACTION_UP, keyCode=KEYCODE_MENU, scanCode=0, metaState=0, flags=0x0, repeatCount=0, eventTime=165717, downTime=165717, deviceId=-1, source=0x101 }
D/AndroidRuntime( 1226): Shutting down VM
W/ProcessCpuTracker(  424): Skipping unknown process pid 1248
I/art     ( 1164): Background sticky concurrent mark sweep GC freed 2262(194KB) AllocSpace objects, 0(0B) LOS objects, 14% free, 1605KB/1885KB, paused 1.874ms total 168.262ms
I/art     ( 1164): Background partial concurrent mark sweep GC freed 1506(120KB) AllocSpace objects, 0(0B) LOS objects, 25% free, 1804KB/2MB, paused 11.465ms total 241.347ms
I/art     ( 1164): Background sticky concurrent mark sweep GC freed 7601(304KB) AllocSpace objects, 0(0B) LOS objects, 15% free, 2024KB/2MB, paused 1.926ms total 309.771ms
I/art     ( 1164): Background sticky concurrent mark sweep GC freed 183(12KB) AllocSpace objects, 0(0B) LOS objects, 12% free, 2MB/2MB, paused 12.335ms total 61.016ms
I/art     ( 1164): Background partial concurrent mark sweep GC freed 2040(152KB) AllocSpace objects, 0(0B) LOS objects, 24% free, 2MB/2MB, paused 1.872ms total 287.492ms
W/ActivityManager(  424): Slow operation: 1992ms so far, now at startProcess: building args
W/ActivityManager(  424): Slow operation: 1993ms so far, now at startProcess: asking zygote to start proc
I/art     (   67): Background concurrent mark sweep GC freed 784(33KB) AllocSpace objects, 0(0B) LOS objects, 82% free, 111KB/623KB, paused 815us total 102.923ms
W/ActivityManager(  424): Slow operation: 2227ms so far, now at startProcess: returned from zygote!
W/ActivityManager(  424): Slow operation: 2228ms so far, now at startProcess: done updating battery stats
W/ActivityManager(  424): Slow operation: 2229ms so far, now at startProcess: building log message
I/ActivityManager(  424): Start proc com.android.keychain for service com.android.keychain/.KeyChainService: pid=1259 uid=1000 gids={41000, 9997, 1028, 1015, 3002, 3001, 3003} abi=armeabi-v7a
W/ActivityManager(  424): Slow operation: 2230ms so far, now at startProcess: starting to update pids map
W/ActivityManager(  424): Slow operation: 2461ms so far, now at startProcess: done updating pids map
W/ActivityManager(  424): Slow operation: 2464ms so far, now at startProcess: done starting proc!
D/WifiService(  424): New client listening to asynchronous messages
E/BluetoothAdapter( 1164): Bluetooth binder is null
W/BluetoothController( 1164): Default BT adapter not found
D/ConnectivityService(  424): listenForNetwork for NetworkRequest [ id=3, legacyType=-1, [] ]
I/art     ( 1164): Background sticky concurrent mark sweep GC freed 2140(202KB) AllocSpace objects, 0(0B) LOS objects, 11% free, 2MB/2MB, paused 11.961ms total 306.560ms
D/PhoneStatusBar( 1164): disable: < EXPAND* icons alerts system_info BACK* HOME* RECENT* clock SEARCH* >
I/art     ( 1164): Background sticky concurrent mark sweep GC freed 3788(145KB) AllocSpace objects, 0(0B) LOS objects, 6% free, 2MB/2MB, paused 9.946ms total 224.381ms
W/art     ( 1164): Suspending all threads took: 39.835ms
I/art     ( 1164): Background sticky concurrent mark sweep GC freed 925(44KB) AllocSpace objects, 0(0B) LOS objects, 3% free, 2MB/2MB, paused 73.492ms total 542.603ms
E/BluetoothAdapter( 1164): Bluetooth binder is null
D/PhoneStatusBar( 1164): heads up is enabled
I/art     ( 1164): Background partial concurrent mark sweep GC freed 817(83KB) AllocSpace objects, 0(0B) LOS objects, 24% free, 2MB/3MB, paused 3.666ms total 759.610ms
I/art     ( 1164): Background sticky concurrent mark sweep GC freed 291(47KB) AllocSpace objects, 0(0B) LOS objects, 0% free, 5MB/5MB, paused 1.763ms total 104.714ms
D/AndroidRuntime( 1293): 
D/AndroidRuntime( 1293): >>>>>> AndroidRuntime START com.android.internal.os.RuntimeInit <<<<<<
D/AndroidRuntime( 1293): CheckJNI is ON
W/EGL_emulation(  850): eglSurfaceAttrib not implemented
I/ActivityManager(  424): Waited long enough for: ServiceRecord{1982ab80 u0 com.android.music/.MediaPlaybackService}
W/OpenGLRenderer(  850): Failed to set EGL_SWAP_BEHAVIOR on surface 0xa751d9a0, error=EGL_SUCCESS
I/art     ( 1164): Background partial concurrent mark sweep GC freed 579(64KB) AllocSpace objects, 0(0B) LOS objects, 18% free, 8MB/10MB, paused 17.834ms total 1.960s
D/        ( 1164): HostConnection::get() New Host Connection established 0xa6b9fb00, tid 1164
E/memtrack( 1293): Couldn't load memtrack module (No such file or directory)
E/android.os.Debug( 1293): failed to load memtrack module: -2
D/AndroidRuntime( 1293): Calling main entry com.android.commands.pm.Pm
D/PhoneStatusBar( 1164): disable: < EXPAND ICONS* alerts SYSTEM_INFO* BACK HOME RECENT clock SEARCH >
I/art     (   67): Background concurrent mark sweep GC freed 797(33KB) AllocSpace objects, 0(0B) LOS objects, 82% free, 111KB/623KB, paused 944us total 100.551ms
I/ActivityManager(  424): Start proc com.android.defcontainer for service com.android.defcontainer/.DefaultContainerService: pid=1319 uid=10003 gids={50003, 9997, 1028, 1015, 1023, 2001, 1035} abi=armeabi-v7a
D/PhoneStatusBar( 1164): disable: < EXPAND ICONS alerts SYSTEM_INFO BACK HOME RECENT clock SEARCH >
I/Choreographer( 1164): Skipped 1035 frames!  The application may be doing too much work on its main thread.
D/ViewRootImpl( 1164): changeCanvasOpacity: opaque=true
D/NuPlayerDriver(   64): start(0xb594b040)
I/GenericSource(   64): start
D/NuPlayerDriver(   64): reset(0xb594b040)
D/NuPlayerDriver(   64): notifyResetComplete(0xb594b040)
D/NuPlayerDriver(   64): start(0xb4ed50a0)
I/GenericSource(   64): start
D/NuPlayerDriver(   64): reset(0xb4ed50a0)
D/NuPlayerDriver(   64): notifyResetComplete(0xb4ed50a0)
D/NuPlayerDriver(   64): start(0xb6053ca0)
I/GenericSource(   64): start
D/NuPlayerDriver(   64): reset(0xb6053ca0)
D/NuPlayerDriver(   64): notifyResetComplete(0xb6053ca0)
D/WifiService(  424): New client listening to asynchronous messages
D/NuPlayerDriver(   64): start(0xb4551100)
I/GenericSource(   64): start
D/PhoneStatusBar( 1164): disable: < expand* ICONS alerts SYSTEM_INFO back* HOME RECENT clock SEARCH >
D/NuPlayerDriver(   64): reset(0xb4551100)
D/NuPlayerDriver(   64): notifyResetComplete(0xb4551100)
D/NuPlayerDriver(   64): start(0xb5932040)
I/GenericSource(   64): start
D/NuPlayerDriver(   64): reset(0xb5932040)
D/NuPlayerDriver(   64): notifyResetComplete(0xb5932040)
I/RecoverySystem(  424): No recovery log file
I/Choreographer( 1164): Skipped 270 frames!  The application may be doing too much work on its main thread.
I/BootReceiver(  424): Copying audit failures to DropBox
I/BootReceiver(  424): Checking for fsck errors
W/OpenGLRenderer( 1164): can't set property, no Caches instance
W/OpenGLRenderer( 1164): can't set property, no Caches instance
I/ActivityManager(  424): Start proc android.process.media for content provider com.android.providers.downloads/.DownloadProvider: pid=1396 uid=10005 gids={50005, 9997, 1028, 1015, 1023, 1024, 2001, 3003, 3007} abi=armeabi-v7a
D/NuPlayerDriver(   64): start(0xb594b040)
I/GenericSource(   64): start
D/NuPlayerDriver(   64): reset(0xb594b040)
D/NuPlayerDriver(   64): notifyResetComplete(0xb594b040)
W/AudioTrack(  424): AUDIO_OUTPUT_FLAG_FAST denied by client
I/art     (  424): Background sticky concurrent mark sweep GC freed 14200(1677KB) AllocSpace objects, 40(773KB) LOS objects, 17% free, 7MB/9MB, paused 13.244ms total 4.245s
I/art     (  424): WaitForGcToComplete blocked for 585.222ms for cause Explicit
I/art     (  424): Explicit concurrent mark sweep GC freed 4459(245KB) AllocSpace objects, 4(809KB) LOS objects, 19% free, 6MB/8MB, paused 2.938ms total 377.399ms
V/KeyguardServiceDelegate(  424): **** SHOWN CALLED ****
I/art     ( 1164): Background sticky concurrent mark sweep GC freed 9941(580KB) AllocSpace objects, 0(0B) LOS objects, 0% free, 11MB/11MB, paused 709.158ms total 3.693s
I/Choreographer( 1164): Skipped 162 frames!  The application may be doing too much work on its main thread.
I/art     (   67): Background concurrent mark sweep GC freed 779(33KB) AllocSpace objects, 0(0B) LOS objects, 82% free, 111KB/623KB, paused 767us total 100.606ms
I/ActivityManager(  424): Start proc com.android.dialer for broadcast com.android.dialer/.calllog.CallLogReceiver: pid=1425 uid=10004 gids={50004, 9997, 3003, 1028, 1015} abi=armeabi-v7a
I/art     ( 1164): Background partial concurrent mark sweep GC freed 1765(109KB) AllocSpace objects, 2(5MB) LOS objects, 24% free, 5MB/7MB, paused 12.119ms total 1.332s
I/art     (  941): Background sticky concurrent mark sweep GC freed 1747(97KB) AllocSpace objects, 2(32KB) LOS objects, 37% free, 675KB/1075KB, paused 1.461ms total 104.054ms
D/DefContainer( 1319): Copying /data/local/tmp/android-debug.apk to base.apk
I/art     (  850): Background partial concurrent mark sweep GC freed 1326(124KB) AllocSpace objects, 0(0B) LOS objects, 24% free, 1706KB/2MB, paused 9.163ms total 149.454ms
I/FusedLocation(  424): engine started (com.android.location.fused)
W/ResourceType(  850): No package identifier when getting value for resource number 0x00000000
W/ResourceType(  850): No package identifier when getting value for resource number 0x00000000
W/PackageManager(  850): Failure retrieving resources for com.android.speechrecorder: Resource ID #0x0
W/ResourceType(  850): No package identifier when getting value for resource number 0x00000000
W/PackageManager(  850): Failure retrieving resources for com.android.speechrecorder: Resource ID #0x0
D/PackageManager(  424): Renaming /data/app/vmdl125821491.tmp to /data/app/com.app.lab7-2
I/ActivityManager(  424): Force stopping com.app.lab7 appid=10056 user=-1: uninstall pkg
I/PackageManager(  424): Package com.app.lab7 codePath changed from /data/app/com.app.lab7-1 to /data/app/com.app.lab7-2; Retaining data and using new
I/art     (  424): DexFile_isDexOptNeeded failed to open oat file '/data/dalvik-cache/arm/data@app@com.app.lab7-2@base.apk@classes.dex' for file location '/data/app/com.app.lab7-2/base.apk': Failed to open oat filename for reading: No such file or directory
I/art     (  424): DexFile_isDexOptNeeded failed to open oat file '/data/app/com.app.lab7-2/arm/base.odex' for file location '/data/app/com.app.lab7-2/base.apk': Failed to open oat filename for reading: No such file or directory
I/PackageManager(  424): Running dexopt on: /data/app/com.app.lab7-2/base.apk pkg=com.app.lab7 isa=arm vmSafeMode=false
D/ExtensionsFactory( 1425): No custom extensions.
I/ActivityManager(  424): Delay finish: com.android.dialer/.calllog.CallLogReceiver
I/dex2oat ( 1463): /system/bin/dex2oat --zip-fd=6 --zip-location=/data/app/com.app.lab7-2/base.apk --oat-fd=7 --oat-location=/data/dalvik-cache/arm/data@app@com.app.lab7-2@base.apk@classes.dex --instruction-set=arm --instruction-set-features=default --runtime-arg -Xms64m --runtime-arg -Xmx512m
I/ActivityManager(  424): Resuming delayed broadcast
W/art     (  816): Suspending all threads took: 27.595ms
I/art     (  816): Background sticky concurrent mark sweep GC freed 2289(121KB) AllocSpace objects, 0(0B) LOS objects, 33% free, 415KB/623KB, paused 62.995ms total 221.396ms
I/art     (  816): Background partial concurrent mark sweep GC freed 388(46KB) AllocSpace objects, 0(0B) LOS objects, 47% free, 570KB/1082KB, paused 16.376ms total 680.377ms
D/ConnectivityService(  424): Got NetworkFactory Messenger for Telephony
I/art     (  816): Background sticky concurrent mark sweep GC freed 1940(264KB) AllocSpace objects, 0(0B) LOS objects, 0% free, 1119KB/1119KB, paused 6.962ms total 147.198ms
D/TelephonyProvider(  816): dbh.onOpen: ok, queried table=siminfo
D/TelephonyProvider(  816): dbh.onOpen: ok, queried table=carriers
I/art     (  816): Background partial concurrent mark sweep GC freed 2064(250KB) AllocSpace objects, 0(0B) LOS objects, 32% free, 1051KB/1563KB, paused 3.103ms total 122.839ms
D/DcSwitchState(  816): [DcSwitchState-0] DcSwitchState constructor E
D/DcSwitchState(  816): [DcSwitchState-0] DcSwitchState constructor X
D/DctController(  816): [DctController] DctController(phones): Connect success: 0
W/ProcessCpuTracker(  424): Skipping unknown process pid 1486
D/GpsLocationProvider(  424): received SIM realted action: android.intent.action.SIM_STATE_CHANGED
I/art     (  424): Background sticky concurrent mark sweep GC freed 13230(1113KB) AllocSpace objects, 14(224KB) LOS objects, 17% free, 6MB/8MB, paused 3.105ms total 301.495ms
E/BluetoothAdapter(  816): Bluetooth binder is null
D/GpsLocationProvider(  424): SIM MCC/MNC is still not available
D/ConnectivityService(  424): Got NetworkFactory Messenger for WIFI
D/WIFI    (  424): got request NetworkRequest [ id=1, legacyType=-1, [ Capabilities: INTERNET&NOT_RESTRICTED&TRUSTED&NOT_VPN] ] with score 0
W/art     (  816): Suspending all threads took: 29.203ms
I/art     (  816): Background sticky concurrent mark sweep GC freed 2208(141KB) AllocSpace objects, 1(16KB) LOS objects, 13% free, 1349KB/1563KB, paused 32.963ms total 173.267ms
I/art     (   67): Background concurrent mark sweep GC freed 785(33KB) AllocSpace objects, 0(0B) LOS objects, 82% free, 111KB/623KB, paused 839us total 101.070ms
I/ActivityManager(  424): Start proc com.android.providers.calendar for broadcast com.android.providers.calendar/.CalendarReceiver: pid=1494 uid=10001 gids={50001, 9997, 3003, 1028, 1015} abi=armeabi-v7a
I/art     (  816): Background sticky concurrent mark sweep GC freed 883(76KB) AllocSpace objects, 0(0B) LOS objects, 11% free, 1384KB/1563KB, paused 2.333ms total 184.572ms
D/AlarmManagerService(  424): Kernel timezone updated to 0 minutes west of GMT
D/AlarmManagerService(  424): Setting time of day to sec=1447467324
I/art     (  816): Background sticky concurrent mark sweep GC freed 421(49KB) AllocSpace objects, 0(0B) LOS objects, 11% free, 1387KB/1563KB, paused 1.599ms total 113.762ms
I/Choreographer( 1164): Skipped 37 frames!  The application may be doing too much work on its main thread.
D/TelephonyNetworkFactory(  816): got request NetworkRequest [ id=1, legacyType=-1, [ Capabilities: INTERNET&NOT_RESTRICTED&TRUSTED&NOT_VPN] ] with score 0
D/TelephonyNetworkFactory(  816): Cellular needs Network for NetworkRequest [ id=1, legacyType=-1, [ Capabilities: INTERNET&NOT_RESTRICTED&TRUSTED&NOT_VPN] ]
D/DctController(  816): [DctController] EVENT_PHONE1_RADIO_OFF.
D/TelephonyDebugService(  816): TelephonyDebugService()
I/art     (  816): Background sticky concurrent mark sweep GC freed 240(69KB) AllocSpace objects, 0(0B) LOS objects, 5% free, 1482KB/1563KB, paused 7.761ms total 32.649ms
I/art     (  816): Background sticky concurrent mark sweep GC freed 15(2248B) AllocSpace objects, 0(0B) LOS objects, 4% free, 1492KB/1563KB, paused 5.669ms total 27.391ms
D/DctController(  816): [DctController] DataStateReceiver: phoneId= 0
D/DctController(  816): [DctController] DataStateReceiver: ignore invalid subId=-1
I/art     (  816): Background partial concurrent mark sweep GC freed 1987(227KB) AllocSpace objects, 1(16KB) LOS objects, 27% free, 1359KB/1871KB, paused 12.029ms total 278.863ms
D/MccTable(  816): updateMccMncConfiguration mccmnc='310260' fromServiceState=true
D/MccTable(  816): updateMccMncConfiguration defaultMccMnc=
D/MccTable(  816): updateMccMncConfiguration: mcc=310, mnc=260
D/MccTable(  816): getLocaleFromMcc to en_us mcc=310
D/MccTable(  816): getLocaleForLanguageCountry: skipping already persisted
D/MccTable(  816): WIFI_COUNTRY_CODE set to us
D/WifiService(  424): New client listening to asynchronous messages
I/WifiService(  424): WifiService trying to set country code to us with persist set to true
D/AlarmManagerService(  424): Kernel timezone updated to 300 minutes west of GMT
E/PhoneInterfaceManager(  816): [PhoneIntfMgr] getIccId: ICC ID is null or empty.
I/Telephony(  816): PstnIncomingCallNotifier: Registering: Handler (com.android.internal.telephony.gsm.GSMPhone) {3a211a17}
I/art     (  803): Background partial concurrent mark sweep GC freed 1828(226KB) AllocSpace objects, 1(16KB) LOS objects, 50% free, 504KB/1016KB, paused 2.075ms total 138.275ms
W/ResourcesManager( 1494): Asset path '/system/framework/android.test.runner.jar' does not exist or contains no resources.
D/DctController(  816): [DctController] DataStateReceiver: phoneId= 0
D/DctController(  816): [DctController] DataStateReceiver: ignore invalid subId=-1
I/art     (  816): Background sticky concurrent mark sweep GC freed 2646(181KB) AllocSpace objects, 0(0B) LOS objects, 15% free, 1573KB/1871KB, paused 2.608ms total 182.259ms
D/PhoneStatusBar( 1164): disable: < expand ICONS alerts SYSTEM_INFO back HOME RECENT clock SEARCH >
I/art     (  424): Background sticky concurrent mark sweep GC freed 6445(573KB) AllocSpace objects, 15(699KB) LOS objects, 16% free, 6MB/8MB, paused 75.832ms total 563.473ms
D/GpsLocationProvider(  424): received SIM realted action: android.intent.action.SIM_STATE_CHANGED
D/GpsLocationProvider(  424): SIM MCC/MNC is still not available
D/GpsLocationProvider(  424): received SIM realted action: android.intent.action.SIM_STATE_CHANGED
D/GpsLocationProvider(  424): SIM MCC/MNC is still not available
D/MccTable(  816): updateMccMncConfiguration mccmnc='310260' fromServiceState=false
I/Choreographer( 1164): Skipped 42 frames!  The application may be doing too much work on its main thread.
D/MccTable(  816): updateMccMncConfiguration defaultMccMnc=
D/MccTable(  816): updateMccMncConfiguration: mcc=310, mnc=260
D/MccTable(  816): getLocaleFromMcc to en_us mcc=310
D/MccTable(  816): getLocaleForLanguageCountry: skipping already persisted
D/MccTable(  816): updateMccMncConfiguration updateConfig config={1.0 310mcc260mnc ?locale ?layoutDir ?swdp ?wdp ?hdp ?density ?lsize ?long ?orien ?uimode ?night ?touch ?keyb/?/? ?nav/?}
I/ActivityManager(  424): Config changes=3 {1.0 310mcc260mnc en_US ldltr sw320dp w320dp h353dp 120dpi smll port finger qwerty/v/v -nav/h s.5}
D/PermissionCache(   53): checking android.permission.READ_FRAME_BUFFER for uid=1000 => granted (1215 us)
E/EGL_emulation(   53): tid 53: eglCreateSyncKHR(1237): error 0x3004 (EGL_BAD_ATTRIBUTE)
W/art     (  816): Suspending all threads took: 30.097ms
I/art     (  816): Background sticky concurrent mark sweep GC freed 1012(54KB) AllocSpace objects, 0(0B) LOS objects, 8% free, 1718KB/1871KB, paused 34.534ms total 288.333ms
W/WindowManager(  424): Window freeze timeout expired.
W/WindowManager(  424): Force clearing orientation change: Window{1e595c3b u0 StatusBar}
I/Choreographer( 1164): Skipped 126 frames!  The application may be doing too much work on its main thread.
I/art     (  816): Background partial concurrent mark sweep GC freed 3214(277KB) AllocSpace objects, 0(0B) LOS objects, 25% free, 1610KB/2MB, paused 2.031ms total 324.965ms
D/MccTable(  816): updateMccMncConfiguration mccmnc='' fromServiceState=false
I/art     (  850): Background sticky concurrent mark sweep GC freed 2026(173KB) AllocSpace objects, 0(0B) LOS objects, 12% free, 1993KB/2MB, paused 5.216ms total 71.043ms
W/ProcessCpuTracker(  424): Skipping unknown process pid 1543
D/GpsLocationProvider(  424): received SIM realted action: android.intent.action.ACTION_SUBINFO_RECORD_UPDATED
D/GpsLocationProvider(  424): SIM MCC/MNC is still not available
D/Launcher.Model(  850): Reload apps on config change. curr_mcc:310 prevmcc:0
I/Choreographer(  850): Skipped 263 frames!  The application may be doing too much work on its main thread.
I/art     (  850): Background sticky concurrent mark sweep GC freed 694(35KB) AllocSpace objects, 0(0B) LOS objects, 6% free, 2MB/2MB, paused 31.748ms total 108.871ms
W/art     ( 1494): Suspending all threads took: 2.261s
W/WindowManager(  424): App freeze timeout expired.
W/WindowManager(  424): Force clearing freeze: AppWindowToken{27975d13 token=Token{3a5ad002 ActivityRecord{caf8d4d u0 com.android.launcher/com.android.launcher2.Launcher t20}}}
W/EGL_emulation(  850): eglSurfaceAttrib not implemented
W/OpenGLRenderer(  850): Failed to set EGL_SWAP_BEHAVIOR on surface 0xa751d9a0, error=EGL_SUCCESS
I/WindowManager(  424): Screen frozen for +5s287ms due to Window{1e595c3b u0 StatusBar}
W/art     (  850): Suspending all threads took: 382.367ms
I/art     (  850): Background partial concurrent mark sweep GC freed 2921(156KB) AllocSpace objects, 0(0B) LOS objects, 24% free, 2017KB/2MB, paused 385.476ms total 1.194s
I/MmsService(  816): mReceiver action: android.intent.action.ACTION_SUBINFO_RECORD_UPDATED
I/Telephony(  816): : SUBINFO_RECORD_UPDATED : 4.
I/Telephony(  816): PstnIncomingCallNotifier: Unregistering: Handler (com.android.internal.telephony.gsm.GSMPhone) {3a211a17}
I/MmsService(  816): MmsConfigManager.loadInBackground(): mcc/mnc: 310/260
I/MmsService(  816): MmsConfigManager.load -- mcc/mnc for sub: {mSubId=1, mIccId=89014103211118510720 mSlotId=0 mDisplayName=SUB 01 mNameSource=0 mColor=0 mNumber=15555215554 mDisplayNumberFormat=1 mDataRoaming=0 mSimIconRes=[I@d09b62c mMcc 310 mMnc 260}
V/MmsService(  816): MmsConfig: mUserAgent=, mUaProfUrl=
D/MmsService(  816): MmsConfig.loadFromResources
V/MmsService(  816): MmsConfig: all settings -- {smsToMmsTextThreshold=-1, httpParams=, maxImageWidth=2592, enabledMMS=true, maxImageHeight=1944, aliasEnabled=false, maxMessageSize=1048576, enableMMSReadReports=false, recipientLimit=2147483647, enabledNotifyWapMMSC=false, maxSubjectLength=40, smsToMmsTextLengthThreshold=-1, enableMMSDeliveryReports=false, uaProfTagName=x-wap-profile, enableMultipartSMS=true, aliasMinChars=2, supportMmsContentDisposition=true, allowAttachAudio=true, sendMultipartSmsAsSeparateMessages=false, maxMessageTextSize=-1, emailGatewayNumber=, enableGroupMms=true, aliasMaxChars=48, httpSocketTimeout=60000, config_cellBroadcastAppLinks=true, userAgent=, naiSuffix=, uaProfUrl=, enableSMSDeliveryReports=true, enabledTransID=false}
W/art     ( 1021): Suspending all threads took: 2.321s
I/Telephony(  816): PstnIncomingCallNotifier: Registering: Handler (com.android.internal.telephony.gsm.GSMPhone) {3a211a17}
W/OpenGLRenderer(  850): Incorrectly called buildLayer on View: ShortcutAndWidgetContainer, destroying layer...
W/OpenGLRenderer(  850): Incorrectly called buildLayer on View: ShortcutAndWidgetContainer, destroying layer...
I/art     (  816): Background sticky concurrent mark sweep GC freed 4519(390KB) AllocSpace objects, 0(0B) LOS objects, 21% free, 1695KB/2MB, paused 2.228ms total 286.928ms
I/art     (  803): Background sticky concurrent mark sweep GC freed 2991(369KB) AllocSpace objects, 2(32KB) LOS objects, 47% free, 530KB/1016KB, paused 3.274ms total 112.844ms
I/art     (  424): Explicit concurrent mark sweep GC freed 12124(920KB) AllocSpace objects, 15(406KB) LOS objects, 19% free, 6MB/8MB, paused 4.130ms total 785.525ms
I/art     (  424): WaitForGcToComplete blocked for 361.203ms for cause Background
I/MmsService(  816): mReceiver action: android.intent.action.ACTION_SUBINFO_CONTENT_CHANGE
I/Telephony(  816): PstnIncomingCallNotifier: Unregistering: Handler (com.android.internal.telephony.gsm.GSMPhone) {3a211a17}
I/MmsService(  816): MmsConfigManager.loadInBackground(): mcc/mnc: 310/260
I/MmsService(  816): MmsConfigManager.load -- mcc/mnc for sub: {mSubId=1, mIccId=89014103211118510720 mSlotId=0 mDisplayName=SUB 01 mNameSource=0 mColor=0 mNumber=15555215554 mDisplayNumberFormat=1 mDataRoaming=0 mSimIconRes=[I@342644fb mMcc 310 mMnc 260}
V/MmsService(  816): MmsConfig: mUserAgent=, mUaProfUrl=
D/MmsService(  816): MmsConfig.loadFromResources
V/MmsService(  816): MmsConfig: all settings -- {smsToMmsTextThreshold=-1, httpParams=, maxImageWidth=2592, enabledMMS=true, maxImageHeight=1944, aliasEnabled=false, maxMessageSize=1048576, enableMMSReadReports=false, recipientLimit=2147483647, enabledNotifyWapMMSC=false, maxSubjectLength=40, smsToMmsTextLengthThreshold=-1, enableMMSDeliveryReports=false, uaProfTagName=x-wap-profile, enableMultipartSMS=true, aliasMinChars=2, supportMmsContentDisposition=true, allowAttachAudio=true, sendMultipartSmsAsSeparateMessages=false, maxMessageTextSize=-1, emailGatewayNumber=, enableGroupMms=true, aliasMaxChars=48, httpSocketTimeout=60000, config_cellBroadcastAppLinks=true, userAgent=, naiSuffix=, uaProfUrl=, enableSMSDeliveryReports=true, enabledTransID=false}
I/Telephony(  816): PstnIncomingCallNotifier: Registering: Handler (com.android.internal.telephony.gsm.GSMPhone) {3a211a17}
W/art     (  816): Suspending all threads took: 15.361ms
I/art     (  816): Background sticky concurrent mark sweep GC freed 903(147KB) AllocSpace objects, 0(0B) LOS objects, 11% free, 1895KB/2MB, paused 33.330ms total 179.285ms
I/art     (  816): Background sticky concurrent mark sweep GC freed 847(109KB) AllocSpace objects, 0(0B) LOS objects, 9% free, 1951KB/2MB, paused 14.748ms total 184.550ms
D/MccTable(  816): updateMccMncConfiguration mccmnc='310260' fromServiceState=false
D/MccTable(  816): updateMccMncConfiguration defaultMccMnc=310260
D/MccTable(  816): updateMccMncConfiguration: mcc=310, mnc=260
D/MccTable(  816): getLocaleFromMcc to en_us mcc=310
D/MccTable(  816): getLocaleForLanguageCountry: skipping already persisted
D/MccTable(  816): updateMccMncConfiguration updateConfig config={1.0 310mcc260mnc ?locale ?layoutDir ?swdp ?wdp ?hdp ?density ?lsize ?long ?orien ?uimode ?night ?touch ?keyb/?/? ?nav/?}
V/OtaStartupReceiver(  816): onOtaspChanged: mOtaspMode=3
D/ConnectivityService(  424): registerNetworkAgent NetworkAgentInfo{ ni{[type: MOBILE[UMTS], state: CONNECTED/CONNECTED, reason: connected, extra: epc.tmobile.com, roaming: false, failover: false, isAvailable: true, isConnectedToProvisioningNetwork: false]}  network{null}  lp{{InterfaceName: eth0 LinkAddresses: [10.0.2.15/32,]  Routes: [0.0.0.0/0 -> 10.0.2.2 eth0,] DnsAddresses: [10.0.2.3,10.0.2.4,] Domains: null MTU: 1440 TcpBufferSizes: 58254,349525,1048576,58254,349525,1048576}}  nc{[ Transports: CELLULAR Capabilities: MMS&SUPL&FOTA&IMS&CBS&IA&INTERNET&NOT_RESTRICTED&TRUSTED&NOT_VPN LinkUpBandwidth>=384Kbps LinkDnBandwidth>=384Kbps]}  Score{10} validated{false} created{false} explicitlySelected{false} }
D/ConnectivityService(  424): NetworkAgentInfo [MOBILE (UMTS) - 100] EVENT_NETWORK_INFO_CHANGED, going from null to CONNECTED
D/ConnectivityService(  424): Adding iface eth0 to network 100
D/ConnectivityService(  424): setProvNotificationVisible: E visible=false networkType=0 action=com.android.internal.telephony.PROVISION0
D/ConnectivityService(  424): setProvNotificationVisibleIntent: E visible=false networkType=0 extraInfo=null
D/ConnectivityService(  424): Setting MTU size: eth0, 1440
D/ConnectivityService(  424): Adding Route [0.0.0.0/0 -> 10.0.2.2 eth0] to network 100
W/ProcessCpuTracker(  424): Skipping unknown process pid 1566
W/ProcessCpuTracker(  424): Skipping unknown process pid 1572
W/ProcessCpuTracker(  424): Skipping unknown process pid 1573
I/MmsService(  816): mReceiver action: android.intent.action.ACTION_SUBINFO_CONTENT_CHANGE
I/Telephony(  816): PstnIncomingCallNotifier: Unregistering: Handler (com.android.internal.telephony.gsm.GSMPhone) {3a211a17}
I/MmsService(  816): MmsConfigManager.loadInBackground(): mcc/mnc: 310/260
D/ConnectivityService(  424): Setting Dns servers for network 100 to [/10.0.2.3, /10.0.2.4]
I/art     (  816): Background partial concurrent mark sweep GC freed 6582(544KB) AllocSpace objects, 0(0B) LOS objects, 24% free, 1636KB/2MB, paused 12.145ms total 682.221ms
D/Nat464Xlat(  424): requiresClat: netType=0, connected=true, hasIPv4Address=true
D/ConnectivityService(  424): notifyType IP_CHANGED for NetworkAgentInfo [MOBILE (UMTS) - 100]
D/ConnectivityService(  424): notifyType PRECHECK for NetworkAgentInfo [MOBILE (UMTS) - 100]
D/NetworkMonitorNetworkAgentInfo [MOBILE (UMTS) - null](  424): DefaultState{ when=-1ms what=532481 target=com.android.internal.util.StateMachine$SmHandler }
D/ConnectivityService(  424): rematching NetworkAgentInfo [MOBILE (UMTS) - 100]
D/ConnectivityService(  424):    accepting network in place of null
D/ConnectivityService(  424): Setting tx/rx TCP buffers to 58254,349525,1048576,58254,349525,1048576
D/NetworkMonitorNetworkAgentInfo [MOBILE (UMTS) - null](  424): Connected
D/NetworkMonitorNetworkAgentInfo [MOBILE (UMTS) - null](  424): EvaluatingState{ when=0 what=532486 arg1=1 target=com.android.internal.util.StateMachine$SmHandler }
D/NetworkMonitorNetworkAgentInfo [MOBILE (UMTS) - null](  424): Checking http://clients3.google.com/generate_204 on epc.tmobile.com
I/MmsService(  816): MmsConfigManager.load -- mcc/mnc for sub: {mSubId=1, mIccId=89014103211118510720 mSlotId=0 mDisplayName=SUB 01 mNameSource=0 mColor=0 mNumber=15555215554 mDisplayNumberFormat=1 mDataRoaming=0 mSimIconRes=[I@2413b119 mMcc 310 mMnc 260}
V/MmsService(  816): MmsConfig: mUserAgent=, mUaProfUrl=
D/MmsService(  816): MmsConfig.loadFromResources
V/MmsService(  816): MmsConfig: all settings -- {smsToMmsTextThreshold=-1, httpParams=, maxImageWidth=2592, enabledMMS=true, maxImageHeight=1944, aliasEnabled=false, maxMessageSize=1048576, enableMMSReadReports=false, recipientLimit=2147483647, enabledNotifyWapMMSC=false, maxSubjectLength=40, smsToMmsTextLengthThreshold=-1, enableMMSDeliveryReports=false, uaProfTagName=x-wap-profile, enableMultipartSMS=true, aliasMinChars=2, supportMmsContentDisposition=true, allowAttachAudio=true, sendMultipartSmsAsSeparateMessages=false, maxMessageTextSize=-1, emailGatewayNumber=, enableGroupMms=true, aliasMaxChars=48, httpSocketTimeout=60000, config_cellBroadcastAppLinks=true, userAgent=, naiSuffix=, uaProfUrl=, enableSMSDeliveryReports=true, enabledTransID=false}
I/Telephony(  816): PstnIncomingCallNotifier: Registering: Handler (com.android.internal.telephony.gsm.GSMPhone) {3a211a17}
D/CSLegacyTypeTracker(  424): Sending connected broadcast for type 0 NetworkAgentInfo [MOBILE (UMTS) - 100] isDefaultNetwork=true
D/ConnectivityService(  424): sendStickyBroadcast: action=android.net.conn.CONNECTIVITY_CHANGE_IMMEDIATE
D/ConnectivityService(  424): Switching to new default network: NetworkAgentInfo{ ni{[type: MOBILE[UMTS], state: CONNECTED/CONNECTED, reason: connected, extra: epc.tmobile.com, roaming: false, failover: false, isAvailable: true, isConnectedToProvisioningNetwork: false]}  network{100}  lp{{InterfaceName: eth0 LinkAddresses: [10.0.2.15/32,]  Routes: [0.0.0.0/0 -> 10.0.2.2 eth0,] DnsAddresses: [10.0.2.3,10.0.2.4,] Domains: null MTU: 1440 TcpBufferSizes: 58254,349525,1048576,58254,349525,1048576}}  nc{[ Transports: CELLULAR Capabilities: MMS&SUPL&FOTA&IMS&CBS&IA&INTERNET&NOT_RESTRICTED&TRUSTED&NOT_VPN LinkUpBandwidth>=384Kbps LinkDnBandwidth>=384Kbps]}  Score{10} validated{false} created{true} explicitlySelected{false} }
V/IdletimerController(   60): runCmd(/system/bin/ip6tables -t raw -A idletimer_raw_PREROUTING -i eth0 -j IDLETIMER --timeout 5 --label 0 --send_nl_msg 1) res_ipv4=0, res_ipv6=0
V/IdletimerController(   60): runCmd(/system/bin/ip6tables -t mangle -A idletimer_mangle_POSTROUTING -o eth0 -j IDLETIMER --timeout 5 --label 0 --send_nl_msg 1) res_ipv4=0, res_ipv6=0
E/NetdConnector(  424): NDC Command {22 idletimer add eth0 5 0} took too long (518ms)
D/ConnectivityService(  424): notifyType AVAILABLE for NetworkAgentInfo [MOBILE (UMTS) - 100]
D/ConnectivityManager.CallbackHandler( 1164): CM callback handler got msg 524290
W/dex2oat ( 1463): Verification of void com.app.lab7.BuildConfig.<clinit>() took 120.120ms
W/dex2oat ( 1463): Verification of void org.apache.cordova.CordovaActivity.onCreate(android.os.Bundle) took 129.373ms
W/dex2oat ( 1463): Verification of java.lang.Object org.apache.cordova.CordovaActivity.onMessage(java.lang.String, java.lang.Object) took 231.270ms
D/ConnectivityService(  424): sendStickyBroadcast: action=android.net.conn.CONNECTIVITY_CHANGE
D/Tethering(  424): MasterInitialState.processMessage what=3
E/NetdConnector(  424): NDC Command {24 bandwidth setiquota eth0 9223372036854775807} took too long (2446ms)
W/dex2oat ( 1463): Verification of java.lang.String org.apache.cordova.NativeToJsMessageQueue.popAndEncode(boolean) took 423.389ms
W/dex2oat ( 1463): Verification of void org.apache.cordova.NativeToJsMessageQueue.setBridgeMode(int) took 131.714ms
W/dex2oat ( 1463): Verification of void org.apache.cordova.PluginResult.<init>(org.apache.cordova.PluginResult$Status, byte[], boolean) took 130.746ms
W/dex2oat ( 1463): Verification of boolean org.apache.cordova.Whitelist$URLPattern.matches(android.net.Uri) took 461.752ms
I/CalendarProvider2( 1494): Created com.android.providers.calendar.CalendarAlarmManager@28284ac(com.android.providers.calendar.CalendarProvider2@1f071575)
I/ActivityManager(  424): Delay finish: com.android.providers.downloads/.DownloadReceiver
I/ActivityManager(  424): Resuming delayed broadcast
I/art     (   67): Background concurrent mark sweep GC freed 788(33KB) AllocSpace objects, 0(0B) LOS objects, 82% free, 111KB/623KB, paused 1.889ms total 140.076ms
I/ActivityManager(  424): Start proc com.android.managedprovisioning for broadcast com.android.managedprovisioning/.BootReminder: pid=1619 uid=10008 gids={50008, 9997, 1028, 3003} abi=armeabi-v7a
W/dex2oat ( 1463): Compilation of org.apache.cordova.CordovaResourceApi$OpenForReadResult org.apache.cordova.CordovaResourceApi.readDataUri(android.net.Uri) took 118.418ms
D/NetworkMonitorNetworkAgentInfo [MOBILE (UMTS) - null](  424): isCaptivePortal: ret=204 headers={null=[HTTP/1.1 204 No Content], Content-Length=[0], Date=[Sat, 14 Nov 2015 02:15:48 GMT], Server=[GFE/2.0], X-Android-Received-Millis=[1447467347013], X-Android-Response-Source=[NETWORK 204], X-Android-Sent-Millis=[1447467346904]}
D/NetworkMonitorNetworkAgentInfo [MOBILE (UMTS) - null](  424): Don't send network conditions - lacking user consent.
D/NetworkMonitorNetworkAgentInfo [MOBILE (UMTS) - null](  424): Validated
D/ConnectivityService(  424): Validated NetworkAgentInfo [MOBILE (UMTS) - 100]
D/ConnectivityService(  424): rematching NetworkAgentInfo [MOBILE (UMTS) - 100]
D/ConnectivityService(  424): Network NetworkAgentInfo [MOBILE (UMTS) - 100] was already satisfying request 1. No change.
D/ConnectivityService(  424): notifyType AVAILABLE for NetworkAgentInfo [MOBILE (UMTS) - 100]
D/ConnectivityManager.CallbackHandler( 1164): CM callback handler got msg 524290
D/ConnectivityService(  424): sendStickyBroadcast: action=android.net.conn.INET_CONDITION_ACTION
W/dex2oat ( 1463): Compilation of void org.apache.cordova.CordovaResourceApi.copyResource(android.net.Uri, android.net.Uri) took 925.755ms
I/ActivityManager(  424): Delay finish: com.android.managedprovisioning/.BootReminder
I/CalendarProvider2( 1494): Sending notification intent: Intent { act=android.intent.action.PROVIDER_CHANGED dat=content://com.android.calendar }
W/ContentResolver( 1494): Failed to get type for: content://com.android.calendar (Unknown URL content://com.android.calendar)
I/ActivityManager(  424): Resuming delayed broadcast
I/ActivityManager(  424): Delay finish: com.android.providers.media/.MediaScannerReceiver
I/dex2oat ( 1463): dex2oat took 29.608s (threads: 1)
I/ActivityManager(  424): Force stopping com.app.lab7 appid=10056 user=-1: update pkg
W/PackageManager(  424): Code path for pkg : com.app.lab7 changing from /data/app/com.app.lab7-1 to /data/app/com.app.lab7-2
W/PackageManager(  424): Resource path for pkg : com.app.lab7 changing from /data/app/com.app.lab7-1 to /data/app/com.app.lab7-2
I/art     (  424): Background sticky concurrent mark sweep GC freed 11077(953KB) AllocSpace objects, 17(454KB) LOS objects, 17% free, 7MB/8MB, paused 3.295ms total 120.124ms
E/SQLiteLog( 1396): (283) recovered 64 frames from WAL file /data/data/com.android.providers.media/databases/internal.db-wal
I/ActivityManager(  424): Force stopping com.app.lab7 appid=10056 user=0: pkg removed
D/BackupManagerService(  424): Received broadcast Intent { act=android.intent.action.PACKAGE_REMOVED dat=package:com.app.lab7 flg=0x4000010 (has extras) }
D/JobSchedulerService(  424): Receieved: android.intent.action.PACKAGE_REMOVED
I/InputReader(  424): Reconfiguring input devices.  changes=0x00000010
I/InputReader(  424): Reconfiguring input devices.  changes=0x00000010
I/InputReader(  424): Reconfiguring input devices.  changes=0x00000010
D/BackupManagerService(  424): Received broadcast Intent { act=android.intent.action.PACKAGE_ADDED dat=package:com.app.lab7 flg=0x4000010 (has extras) }
W/BackupManagerService(  424): Removing schedule queue dupe of com.app.lab7
W/Settings(  424): Setting install_non_market_apps has moved from android.provider.Settings.Global to android.provider.Settings.Secure, returning read-only value.
W/ResourceType(  850): No package identifier when getting value for resource number 0x00000000
W/ResourceType(  850): No package identifier when getting value for resource number 0x00000000
W/PackageManager(  850): Failure retrieving resources for com.android.speechrecorder: Resource ID #0x0
W/ResourceType(  850): No package identifier when getting value for resource number 0x00000000
W/PackageManager(  850): Failure retrieving resources for com.android.speechrecorder: Resource ID #0x0
I/art     (  424): Explicit concurrent mark sweep GC freed 8710(695KB) AllocSpace objects, 9(271KB) LOS objects, 19% free, 6MB/8MB, paused 3.385ms total 1.776s
D/AndroidRuntime( 1293): Shutting down VM
D/GpsLocationProvider(  424): received SIM realted action: android.intent.action.ACTION_SUBINFO_CONTENT_CHANGE
D/GpsLocationProvider(  424): SIM MCC/MNC is available: 310260
D/GpsLocationProvider(  424): Reset GPS properties, previous size = 5
D/GpsLocationProvider(  424): GpsParamsResource: SUPL_HOST=supl.google.com
D/GpsLocationProvider(  424): GpsParamsResource: SUPL_PORT=7275
D/GpsLocationProvider(  424): GpsParamsResource: NTP_SERVER=north-america.pool.ntp.org
D/GpsLocationProvider(  424): GpsParamsResource: SUPL_VER=0x20000
D/GpsLocationProvider(  424): GpsParamsResource: SUPL_MODE=1
W/GpsLocationProvider(  424): Could not open GPS configuration file /etc/gps.conf
D/GpsLocationProvider(  424): GPS properties reloaded, size = 5
E/GpsLocationProvider(  424): no AGPS interface in set_agps_server
E/GpsLocationProvider(  424): no GPS configuration interface in configuraiton_update
D/GpsLocationProvider(  424): final config = #Fri Nov 13 21:15:53 EST 2015
D/GpsLocationProvider(  424): SUPL_VER=0x20000
D/GpsLocationProvider(  424): SUPL_HOST=supl.google.com
D/GpsLocationProvider(  424): NTP_SERVER=north-america.pool.ntp.org
D/GpsLocationProvider(  424): SUPL_PORT=7275
D/GpsLocationProvider(  424): SUPL_MODE=1
D/GpsLocationProvider(  424): received SIM realted action: android.intent.action.ACTION_SUBINFO_CONTENT_CHANGE
D/GpsLocationProvider(  424): SIM MCC/MNC is available: 310260
D/GpsLocationProvider(  424): Reset GPS properties, previous size = 5
D/GpsLocationProvider(  424): GpsParamsResource: SUPL_HOST=supl.google.com
D/GpsLocationProvider(  424): GpsParamsResource: SUPL_PORT=7275
D/GpsLocationProvider(  424): GpsParamsResource: NTP_SERVER=north-america.pool.ntp.org
D/GpsLocationProvider(  424): GpsParamsResource: SUPL_VER=0x20000
D/GpsLocationProvider(  424): GpsParamsResource: SUPL_MODE=1
W/GpsLocationProvider(  424): Could not open GPS configuration file /etc/gps.conf
D/GpsLocationProvider(  424): GPS properties reloaded, size = 5
E/GpsLocationProvider(  424): no AGPS interface in set_agps_server
E/GpsLocationProvider(  424): no GPS configuration interface in configuraiton_update
D/GpsLocationProvider(  424): final config = #Fri Nov 13 21:15:53 EST 2015
D/GpsLocationProvider(  424): SUPL_VER=0x20000
D/GpsLocationProvider(  424): SUPL_HOST=supl.google.com
D/GpsLocationProvider(  424): NTP_SERVER=north-america.pool.ntp.org
D/GpsLocationProvider(  424): SUPL_PORT=7275
D/GpsLocationProvider(  424): SUPL_MODE=1
D/GpsLocationProvider(  424): received SIM realted action: android.intent.action.SIM_STATE_CHANGED
D/GpsLocationProvider(  424): SIM MCC/MNC is available: 310260
D/GpsLocationProvider(  424): Reset GPS properties, previous size = 5
D/GpsLocationProvider(  424): GpsParamsResource: SUPL_HOST=supl.google.com
D/GpsLocationProvider(  424): GpsParamsResource: SUPL_PORT=7275
D/GpsLocationProvider(  424): GpsParamsResource: NTP_SERVER=north-america.pool.ntp.org
D/GpsLocationProvider(  424): GpsParamsResource: SUPL_VER=0x20000
D/GpsLocationProvider(  424): GpsParamsResource: SUPL_MODE=1
W/GpsLocationProvider(  424): Could not open GPS configuration file /etc/gps.conf
D/GpsLocationProvider(  424): GPS properties reloaded, size = 5
E/GpsLocationProvider(  424): no AGPS interface in set_agps_server
E/GpsLocationProvider(  424): no GPS configuration interface in configuraiton_update
D/GpsLocationProvider(  424): final config = #Fri Nov 13 21:15:53 EST 2015
D/GpsLocationProvider(  424): SUPL_VER=0x20000
D/GpsLocationProvider(  424): SUPL_HOST=supl.google.com
D/GpsLocationProvider(  424): NTP_SERVER=north-america.pool.ntp.org
D/GpsLocationProvider(  424): SUPL_PORT=7275
D/GpsLocationProvider(  424): SUPL_MODE=1
W/VoiceInteractionManagerService(  424): no available voice recognition services found for user 0
I/art     (  850): Background sticky concurrent mark sweep GC freed 2280(177KB) AllocSpace objects, 0(0B) LOS objects, 10% free, 2MB/2MB, paused 1.487ms total 162.975ms
D/GpsLocationProvider(  424): NTP server returned: 1447467346615 (Fri Nov 13 21:15:46 EST 2015) reference: 220043 certainty: 116 system time offset: -9502
D/AndroidRuntime( 1660): 
D/AndroidRuntime( 1660): >>>>>> AndroidRuntime START com.android.internal.os.RuntimeInit <<<<<<
D/AndroidRuntime( 1660): CheckJNI is ON
W/MediaScanner( 1396): Error opening directory '/oem/media/', skipping: No such file or directory.
W/MediaProvider( 1396): no database for scanned volume external
E/memtrack( 1660): Couldn't load memtrack module (No such file or directory)
E/android.os.Debug( 1660): failed to load memtrack module: -2
E/SQLiteLog( 1396): (283) recovered 77 frames from WAL file /data/data/com.android.providers.media/databases/external.db-wal
W/MediaScanner( 1396): Error opening directory '/storage/sdcard/', skipping: Permission denied.
V/MediaScanner( 1396): pruneDeadThumbnailFiles... android.database.sqlite.SQLiteCursor@371cb8ba
V/MediaScanner( 1396): /pruneDeadThumbnailFiles... android.database.sqlite.SQLiteCursor@371cb8ba
I/ActivityManager(  424): Resuming delayed broadcast
I/art     (   67): Background concurrent mark sweep GC freed 784(33KB) AllocSpace objects, 0(0B) LOS objects, 82% free, 110KB/622KB, paused 872us total 142.404ms
I/ActivityManager(  424): Start proc com.android.mms for broadcast com.android.mms/.transaction.MmsSystemEventReceiver: pid=1683 uid=10009 gids={50009, 9997, 3003, 1028, 1015} abi=armeabi-v7a
D/AndroidRuntime( 1660): Calling main entry com.android.commands.input.Input
I/art     (   67): Explicit concurrent mark sweep GC freed 704(30KB) AllocSpace objects, 0(0B) LOS objects, 82% free, 110KB/622KB, paused 1.840ms total 265.060ms
I/Input   ( 1660): injectKeyEvent: KeyEvent { action=ACTION_DOWN, keyCode=KEYCODE_MENU, scanCode=0, metaState=0, flags=0x0, repeatCount=0, eventTime=233714, downTime=233714, deviceId=-1, source=0x101 }
I/art     (   67): Explicit concurrent mark sweep GC freed 5(160B) AllocSpace objects, 0(0B) LOS objects, 82% free, 110KB/622KB, paused 931us total 148.486ms
I/art     (   67): Explicit concurrent mark sweep GC freed 5(160B) AllocSpace objects, 0(0B) LOS objects, 82% free, 110KB/622KB, paused 782us total 108.298ms
I/Input   ( 1660): injectKeyEvent: KeyEvent { action=ACTION_UP, keyCode=KEYCODE_MENU, scanCode=0, metaState=0, flags=0x0, repeatCount=0, eventTime=233714, downTime=233714, deviceId=-1, source=0x101 }
D/AndroidRuntime( 1660): Shutting down VM
D/PhoneStatusBar( 1164): disable: < expand ICONS alerts SYSTEM_INFO back HOME RECENT clock SEARCH >
D/AndroidRuntime( 1705): 
D/AndroidRuntime( 1705): >>>>>> AndroidRuntime START com.android.internal.os.RuntimeInit <<<<<<
D/AndroidRuntime( 1705): CheckJNI is ON
D/PhoneStatusBar( 1164): disable: < expand icons* alerts system_info* back HOME RECENT clock SEARCH >
E/memtrack( 1705): Couldn't load memtrack module (No such file or directory)
E/android.os.Debug( 1705): failed to load memtrack module: -2
I/Choreographer( 1164): Skipped 74 frames!  The application may be doing too much work on its main thread.
D/AndroidRuntime( 1705): Calling main entry com.android.commands.am.Am
I/ActivityManager(  424): START u0 {act=android.intent.action.MAIN flg=0x10000000 cmp=com.app.lab7/.MainActivity} from uid 0 on display 0
D/PhoneStatusBar( 1164): disable: < expand icons alerts system_info back home* recent* clock search* >
I/Choreographer( 1164): Skipped 72 frames!  The application may be doing too much work on its main thread.
I/ActivityManager(  424): Start proc com.app.lab7 for activity com.app.lab7/.MainActivity: pid=1729 uid=10056 gids={50056, 9997, 3003} abi=armeabi-v7a
I/art     ( 1729): Not late-enabling -Xcheck:jni (already on)
I/Choreographer( 1164): Skipped 32 frames!  The application may be doing too much work on its main thread.
W/ProcessCpuTracker(  424): Skipping unknown process pid 1744
W/ProcessCpuTracker(  424): Skipping unknown process pid 1748
I/art     (  424): Background sticky concurrent mark sweep GC freed 8619(882KB) AllocSpace objects, 13(204KB) LOS objects, 18% free, 6MB/8MB, paused 2.937ms total 248.470ms
I/WebViewFactory( 1729): Loading com.android.webview version 37 (1772600-arm) (code 100001)
I/LibraryLoader( 1729): Loading: webviewchromium
I/LibraryLoader( 1729): Time to load native libraries: 392 ms (timestamps 3053-3445)
I/LibraryLoader( 1729): Expected native library version number "",actual native library version number ""
D/TaskPersister(  424): removeObsoleteFile: deleting file=19_task.xml
I/art     ( 1729): Background partial concurrent mark sweep GC freed 321(47KB) AllocSpace objects, 2(32KB) LOS objects, 54% free, 430KB/942KB, paused 1.948ms total 216.643ms
V/WebViewChromiumFactoryProvider( 1729): Binding Chromium to main looper Looper (main, tid 1) {28284ac}
I/LibraryLoader( 1729): Expected native library version number "",actual native library version number ""
I/chromium( 1729): [INFO:library_loader_hooks.cc(106)] Chromium logging enabled: level = 0, default verbosity = 0
D/CountryDetector(  424): The first listener is added
I/BrowserStartupController( 1729): Initializing chromium process, renderers=0
W/art     ( 1729): Attempt to remove local handle scope entry from IRT, ignoring
W/AudioManagerAndroid( 1729): Requires BLUETOOTH permission
W/chromium( 1729): [WARNING:resource_bundle.cc(315)] locale_file_path.empty()
I/chromium( 1729): [INFO:aw_browser_main_parts.cc(63)] Load from apk succesful, fd=31 off=46092 len=2953
I/chromium( 1729): [INFO:aw_browser_main_parts.cc(78)] Loading webviewchromium.pak from, fd:32 off:228796 len:643667
D/        ( 1729): HostConnection::get() New Host Connection established 0xa7b8aa10, tid 1729
V/Mms     ( 1683): mnc/mcc: 310260
V/Mms     ( 1683): tag: bool value: enabledMMS - true
V/Mms     ( 1683): tag: int value: maxMessageSize - 307200
V/Mms     ( 1683): tag: int value: maxImageHeight - 480
V/Mms     ( 1683): tag: int value: maxImageWidth - 640
V/Mms     ( 1683): tag: int value: defaultSMSMessagesPerThread - 10000
V/Mms     ( 1683): tag: int value: defaultMMSMessagesPerThread - 1000
V/Mms     ( 1683): tag: int value: minMessageCountPerThread - 10
V/Mms     ( 1683): tag: int value: maxMessageCountPerThread - 5000
V/Mms     ( 1683): tag: string value: uaProfUrl - http://www.google.com/oha/rdf/ua-profile-kila.xml
V/Mms     ( 1683): tag: int value: recipientLimit - -1
V/Mms     ( 1683): tag: bool value: enableMultipartSMS - true
V/Mms     ( 1683): tag: int value: smsToMmsTextThreshold - -1
V/Mms     ( 1683): tag: bool value: enableSlideDuration - true
V/Mms     ( 1683): tag: int value: maxMessageTextSize - -1
W/chromium( 1729): [WARNING:mailbox_synchronizer.cc(36)] MailboxSync not supported due to missing EGL image/fence support
W/chromium( 1729): [WARNING:proxy_service.cc(901)] PAC support disabled because there is no system implementation
